Archive member included to satisfy reference by file (symbol)

/home/davy/research/pynq-tee/amd-zu3-optee/optee_os/out/arm-plat-zynqmp/export-ta_arm64/lib/libutils.a(stack_check.o)
                              ./user_ta_header.o (__stack_chk_guard)
/home/davy/research/pynq-tee/amd-zu3-optee/optee_os/out/arm-plat-zynqmp/export-ta_arm64/lib/libutils.a(trace.o)
                              ./secure_switch_ta.o (trace_printf)
/home/davy/research/pynq-tee/amd-zu3-optee/optee_os/out/arm-plat-zynqmp/export-ta_arm64/lib/libutils.a(memcpy.o)
                              /home/davy/research/pynq-tee/amd-zu3-optee/optee_os/out/arm-plat-zynqmp/export-ta_arm64/lib/libutils.a(trace.o) (memcpy)
/home/davy/research/pynq-tee/amd-zu3-optee/optee_os/out/arm-plat-zynqmp/export-ta_arm64/lib/libutils.a(snprintk.o)
                              /home/davy/research/pynq-tee/amd-zu3-optee/optee_os/out/arm-plat-zynqmp/export-ta_arm64/lib/libutils.a(trace.o) (vsnprintk)
/home/davy/research/pynq-tee/amd-zu3-optee/optee_os/out/arm-plat-zynqmp/export-ta_arm64/lib/libutils.a(memchr.o)
                              /home/davy/research/pynq-tee/amd-zu3-optee/optee_os/out/arm-plat-zynqmp/export-ta_arm64/lib/libutils.a(snprintk.o) (memchr)
/home/davy/research/pynq-tee/amd-zu3-optee/optee_os/out/arm-plat-zynqmp/export-ta_arm64/lib/libutils.a(strlen.o)
                              /home/davy/research/pynq-tee/amd-zu3-optee/optee_os/out/arm-plat-zynqmp/export-ta_arm64/lib/libutils.a(snprintk.o) (strlen)
/home/davy/research/pynq-tee/amd-zu3-optee/optee_os/out/arm-plat-zynqmp/export-ta_arm64/lib/libutee.a(trace_ext.o)
                              /home/davy/research/pynq-tee/amd-zu3-optee/optee_os/out/arm-plat-zynqmp/export-ta_arm64/lib/libutils.a(trace.o) (trace_ext_puts)
/home/davy/research/pynq-tee/amd-zu3-optee/optee_os/out/arm-plat-zynqmp/export-ta_arm64/lib/libutee.a(user_ta_entry.o)
                              ./user_ta_header.o (__utee_entry)
/home/davy/research/pynq-tee/amd-zu3-optee/optee_os/out/arm-plat-zynqmp/export-ta_arm64/lib/libutee.a(user_ta_entry_compat.o)
                              ./user_ta_header.o (__ta_open_sess)
/home/davy/research/pynq-tee/amd-zu3-optee/optee_os/out/arm-plat-zynqmp/export-ta_arm64/lib/libutee.a(utee_syscalls_a64.o)
                              /home/davy/research/pynq-tee/amd-zu3-optee/optee_os/out/arm-plat-zynqmp/export-ta_arm64/lib/libutils.a(stack_check.o) (_utee_panic)
/home/davy/research/pynq-tee/amd-zu3-optee/optee_os/out/arm-plat-zynqmp/export-ta_arm64/lib/libutee.a(abort.o)
                              /home/davy/research/pynq-tee/amd-zu3-optee/optee_os/out/arm-plat-zynqmp/export-ta_arm64/lib/libutee.a(user_ta_entry.o) (abort)
/home/davy/research/pynq-tee/amd-zu3-optee/optee_os/out/arm-plat-zynqmp/export-ta_arm64/lib/libutee.a(tee_api.o)
                              /home/davy/research/pynq-tee/amd-zu3-optee/optee_os/out/arm-plat-zynqmp/export-ta_arm64/lib/libutee.a(user_ta_entry.o) (TEE_Malloc)
/home/davy/research/pynq-tee/amd-zu3-optee/optee_os/out/arm-plat-zynqmp/export-ta_arm64/lib/libutee.a(tee_api_arith_mpi.o)
                              /home/davy/research/pynq-tee/amd-zu3-optee/optee_os/out/arm-plat-zynqmp/export-ta_arm64/lib/libutee.a(user_ta_entry.o) (_TEE_MathAPI_Init)
/home/davy/research/pynq-tee/amd-zu3-optee/optee_os/out/arm-plat-zynqmp/export-ta_arm64/lib/libutee.a(tee_api_panic.o)
                              /home/davy/research/pynq-tee/amd-zu3-optee/optee_os/out/arm-plat-zynqmp/export-ta_arm64/lib/libutee.a(tee_api.o) (TEE_Panic)
/home/davy/research/pynq-tee/amd-zu3-optee/optee_os/out/arm-plat-zynqmp/export-ta_arm64/lib/libutee.a(tee_api_property.o)
                              /home/davy/research/pynq-tee/amd-zu3-optee/optee_os/out/arm-plat-zynqmp/export-ta_arm64/lib/libutee.a(user_ta_entry.o) (TEE_GetPropertyAsU32)
/home/davy/research/pynq-tee/amd-zu3-optee/optee_os/out/arm-plat-zynqmp/export-ta_arm64/lib/libutee.a(tee_system_pta.o)
                              /home/davy/research/pynq-tee/amd-zu3-optee/optee_os/out/arm-plat-zynqmp/export-ta_arm64/lib/libutee.a(tee_api.o) (tee_map_zi)
/home/davy/research/pynq-tee/amd-zu3-optee/optee_os/out/arm-plat-zynqmp/export-ta_arm64/lib/libutee.a(tcb.o)
                              /home/davy/research/pynq-tee/amd-zu3-optee/optee_os/out/arm-plat-zynqmp/export-ta_arm64/lib/libutee.a(user_ta_entry.o) (__utee_tcb_init)
/home/davy/research/pynq-tee/amd-zu3-optee/optee_os/out/arm-plat-zynqmp/export-ta_arm64/lib/libutee.a(assert.o)
                              /home/davy/research/pynq-tee/amd-zu3-optee/optee_os/out/arm-plat-zynqmp/export-ta_arm64/lib/libutee.a(tcb.o) (_assert_log)
/home/davy/research/pynq-tee/amd-zu3-optee/optee_os/out/arm-plat-zynqmp/export-ta_arm64/lib/libmbedtls.a(bignum.o)
                              /home/davy/research/pynq-tee/amd-zu3-optee/optee_os/out/arm-plat-zynqmp/export-ta_arm64/lib/libutee.a(tee_api_arith_mpi.o) (mbedtls_mpi_init_mempool)
[...]
Memory Configuration

Name             Origin             Length             Attributes
*default*        0x0000000000000000 0xffffffffffffffff

Linker script and memory map


.text           0x0000000000000000     0xcf7c
                0x0000000000000000                __text_start = .
 *(SORT_BY_ALIGNMENT(.text) SORT_BY_ALIGNMENT(.text.*))
 .text          0x0000000000000000      0x10c /home/davy/research/pynq-tee/amd-zu3-optee/optee_os/out/arm-plat-zynqmp/export-ta_arm64/lib/libutils.a(memcpy.o)
                0x0000000000000000                memcpy
 .text          0x000000000000010c       0x88 ./secure_switch_ta.o
                0x000000000000010c                TA_CreateEntryPoint
                0x0000000000000140                TA_DestroyEntryPoint
                0x0000000000000144                __GP11_TA_OpenSessionEntryPoint
                0x0000000000000154                TA_CloseSessionEntryPoint
                0x0000000000000158                __GP11_TA_InvokeCommandEntryPoint
 .text          0x0000000000000194       0xa0 ./user_ta_header.o
                0x0000000000000194                __ta_entry
                0x0000000000000214                tahead_get_trace_level
                0x000000000000021c                TA_OpenSessionEntryPoint
                0x0000000000000228                TA_InvokeCommandEntryPoint
 .text          0x0000000000000234       0x30 /home/davy/research/pynq-tee/amd-zu3-optee/optee_os/out/arm-plat-zynqmp/export-ta_arm64/lib/libutils.a(stack_check.o)
                0x0000000000000234                __stack_chk_fail
 .text          0x0000000000000264      0x328 /home/davy/research/pynq-tee/amd-zu3-optee/optee_os/out/arm-plat-zynqmp/export-ta_arm64/lib/libutils.a(trace.o)
                0x0000000000000264                trace_set_level
                0x0000000000000280                trace_get_level
                0x0000000000000290                trace_vprintf
                0x00000000000004b0                trace_printf
                0x0000000000000588                dhex_dump
 .text          0x000000000000058c      0xe38 /home/davy/research/pynq-tee/amd-zu3-optee/optee_os/out/arm-plat-zynqmp/export-ta_arm64/lib/libutils.a(snprintk.o)
                0x000000000000058c                __vsnprintf
                0x0000000000000654                vsnprintk
                0x00000000000006ac                snprintk
                0x0000000000001378                __vsprintf
 .text          0x00000000000013c4       0x2c /home/davy/research/pynq-tee/amd-zu3-optee/optee_os/out/arm-plat-zynqmp/export-ta_arm64/lib/libutils.a(memchr.o)
                0x00000000000013c4                memchr
 .text          0x00000000000013f0       0x1c /home/davy/research/pynq-tee/amd-zu3-optee/optee_os/out/arm-plat-zynqmp/export-ta_arm64/lib/libutils.a(strlen.o)
                0x00000000000013f0                strlen
 .text          0x000000000000140c      0x1d4 /home/davy/research/pynq-tee/amd-zu3-optee/optee_os/out/arm-plat-zynqmp/export-ta_arm64/lib/libutee.a(trace_ext.o)
                0x000000000000140c                trace_ext_puts
                0x0000000000001434                trace_ext_get_thread_id
                0x000000000000143c                printf
                0x0000000000001528                puts
                0x0000000000001568                putchar
 .text          0x00000000000015e0      0x770 /home/davy/research/pynq-tee/amd-zu3-optee/optee_os/out/arm-plat-zynqmp/export-ta_arm64/lib/libutee.a(user_ta_entry.o)
                0x00000000000018b4                __utee_call_elf_init_fn
                0x0000000000001a08                __utee_call_elf_fini_fn
                0x0000000000001aac                __utee_entry
 .text          0x0000000000001d50      0x244 /home/davy/research/pynq-tee/amd-zu3-optee/optee_os/out/arm-plat-zynqmp/export-ta_arm64/lib/libutee.a(user_ta_entry_compat.o)
                0x0000000000001e18                __ta_open_sess
                0x0000000000001ecc                __ta_invoke_cmd
 .text._utee_panic
                0x0000000000001f94        0xc /home/davy/research/pynq-tee/amd-zu3-optee/optee_os/out/arm-plat-zynqmp/export-ta_arm64/lib/libutee.a(utee_syscalls_a64.o)
                0x0000000000001f94                _utee_panic
 .text._utee_return
                0x0000000000001fa0        0xc /home/davy/research/pynq-tee/amd-zu3-optee/optee_os/out/arm-plat-zynqmp/export-ta_arm64/lib/libutee.a(utee_syscalls_a64.o)
                0x0000000000001fa0                _utee_return
 .text._utee_log
                0x0000000000001fac        0xc /home/davy/research/pynq-tee/amd-zu3-optee/optee_os/out/arm-plat-zynqmp/export-ta_arm64/lib/libutee.a(utee_syscalls_a64.o)
                0x0000000000001fac                _utee_log
 .text.__utee_panic
                0x0000000000001fb8        0xc /home/davy/research/pynq-tee/amd-zu3-optee/optee_os/out/arm-plat-zynqmp/export-ta_arm64/lib/libutee.a(utee_syscalls_a64.o)
                0x0000000000001fb8                __utee_panic
 .text._utee_get_property
                0x0000000000001fc4        0xc /home/davy/research/pynq-tee/amd-zu3-optee/optee_os/out/arm-plat-zynqmp/export-ta_arm64/lib/libutee.a(utee_syscalls_a64.o)
                0x0000000000001fc4                _utee_get_property
 .text._utee_get_property_name_to_index
                0x0000000000001fd0        0xc /home/davy/research/pynq-tee/amd-zu3-optee/optee_os/out/arm-plat-zynqmp/export-ta_arm64/lib/libutee.a(utee_syscalls_a64.o)
                0x0000000000001fd0                _utee_get_property_name_to_index
 .text._utee_open_ta_session
                0x0000000000001fdc        0xc /home/davy/research/pynq-tee/amd-zu3-optee/optee_os/out/arm-plat-zynqmp/export-ta_arm64/lib/libutee.a(utee_syscalls_a64.o)
                0x0000000000001fdc                _utee_open_ta_session
 .text._utee_close_ta_session
                0x0000000000001fe8        0xc /home/davy/research/pynq-tee/amd-zu3-optee/optee_os/out/arm-plat-zynqmp/export-ta_arm64/lib/libutee.a(utee_syscalls_a64.o)
                0x0000000000001fe8                _utee_close_ta_session
 .text._utee_invoke_ta_command
                0x0000000000001ff4        0xc /home/davy/research/pynq-tee/amd-zu3-optee/optee_os/out/arm-plat-zynqmp/export-ta_arm64/lib/libutee.a(utee_syscalls_a64.o)
                0x0000000000001ff4                _utee_invoke_ta_command
 .text._utee_get_cancellation_flag
                0x0000000000002000        0xc /home/davy/research/pynq-tee/amd-zu3-optee/optee_os/out/arm-plat-zynqmp/export-ta_arm64/lib/libutee.a(utee_syscalls_a64.o)
                0x0000000000002000                _utee_get_cancellation_flag
 .text._utee_check_access_rights
                0x000000000000200c        0xc /home/davy/research/pynq-tee/amd-zu3-optee/optee_os/out/arm-plat-zynqmp/export-ta_arm64/lib/libutee.a(utee_syscalls_a64.o)
                0x000000000000200c                _utee_check_access_rights
 .text._utee_unmask_cancellation
                0x0000000000002018        0xc /home/davy/research/pynq-tee/amd-zu3-optee/optee_os/out/arm-plat-zynqmp/export-ta_arm64/lib/libutee.a(utee_syscalls_a64.o)
                0x0000000000002018                _utee_unmask_cancellation
 .text._utee_mask_cancellation
                0x0000000000002024        0xc /home/davy/research/pynq-tee/amd-zu3-optee/optee_os/out/arm-plat-zynqmp/export-ta_arm64/lib/libutee.a(utee_syscalls_a64.o)
                0x0000000000002024                _utee_mask_cancellation
 .text._utee_wait
                0x0000000000002030        0xc /home/davy/research/pynq-tee/amd-zu3-optee/optee_os/out/arm-plat-zynqmp/export-ta_arm64/lib/libutee.a(utee_syscalls_a64.o)
                0x0000000000002030                _utee_wait
 .text._utee_get_time
                0x000000000000203c        0xc /home/davy/research/pynq-tee/amd-zu3-optee/optee_os/out/arm-plat-zynqmp/export-ta_arm64/lib/libutee.a(utee_syscalls_a64.o)
                0x000000000000203c                _utee_get_time
 .text._utee_set_ta_time
                0x0000000000002048        0xc /home/davy/research/pynq-tee/amd-zu3-optee/optee_os/out/arm-plat-zynqmp/export-ta_arm64/lib/libutee.a(utee_syscalls_a64.o)
                0x0000000000002048                _utee_set_ta_time
 .text._utee_cryp_state_alloc
                0x0000000000002054        0xc /home/davy/research/pynq-tee/amd-zu3-optee/optee_os/out/arm-plat-zynqmp/export-ta_arm64/lib/libutee.a(utee_syscalls_a64.o)
                0x0000000000002054                _utee_cryp_state_alloc
 .text._utee_cryp_state_copy
                0x0000000000002060        0xc /home/davy/research/pynq-tee/amd-zu3-optee/optee_os/out/arm-plat-zynqmp/export-ta_arm64/lib/libutee.a(utee_syscalls_a64.o)
                0x0000000000002060                _utee_cryp_state_copy
 .text._utee_cryp_state_free
                0x000000000000206c        0xc /home/davy/research/pynq-tee/amd-zu3-optee/optee_os/out/arm-plat-zynqmp/export-ta_arm64/lib/libutee.a(utee_syscalls_a64.o)
                0x000000000000206c                _utee_cryp_state_free
 .text._utee_hash_init
                0x0000000000002078        0xc /home/davy/research/pynq-tee/amd-zu3-optee/optee_os/out/arm-plat-zynqmp/export-ta_arm64/lib/libutee.a(utee_syscalls_a64.o)
                0x0000000000002078                _utee_hash_init
 .text._utee_hash_update
                0x0000000000002084        0xc /home/davy/research/pynq-tee/amd-zu3-optee/optee_os/out/arm-plat-zynqmp/export-ta_arm64/lib/libutee.a(utee_syscalls_a64.o)
                0x0000000000002084                _utee_hash_update
 .text._utee_hash_final
                0x0000000000002090        0xc /home/davy/research/pynq-tee/amd-zu3-optee/optee_os/out/arm-plat-zynqmp/export-ta_arm64/lib/libutee.a(utee_syscalls_a64.o)
                0x0000000000002090                _utee_hash_final
 .text._utee_cipher_init
                0x000000000000209c        0xc /home/davy/research/pynq-tee/amd-zu3-optee/optee_os/out/arm-plat-zynqmp/export-ta_arm64/lib/libutee.a(utee_syscalls_a64.o)
                0x000000000000209c                _utee_cipher_init
 .text._utee_cipher_update
                0x00000000000020a8        0xc /home/davy/research/pynq-tee/amd-zu3-optee/optee_os/out/arm-plat-zynqmp/export-ta_arm64/lib/libutee.a(utee_syscalls_a64.o)
                0x00000000000020a8                _utee_cipher_update
 .text._utee_cipher_final
                0x00000000000020b4        0xc /home/davy/research/pynq-tee/amd-zu3-optee/optee_os/out/arm-plat-zynqmp/export-ta_arm64/lib/libutee.a(utee_syscalls_a64.o)
                0x00000000000020b4                _utee_cipher_final
 .text._utee_cryp_obj_get_info
                0x00000000000020c0        0xc /home/davy/research/pynq-tee/amd-zu3-optee/optee_os/out/arm-plat-zynqmp/export-ta_arm64/lib/libutee.a(utee_syscalls_a64.o)
                0x00000000000020c0                _utee_cryp_obj_get_info
 .text._utee_cryp_obj_restrict_usage
                0x00000000000020cc        0xc /home/davy/research/pynq-tee/amd-zu3-optee/optee_os/out/arm-plat-zynqmp/export-ta_arm64/lib/libutee.a(utee_syscalls_a64.o)
                0x00000000000020cc                _utee_cryp_obj_restrict_usage
 .text._utee_cryp_obj_get_attr
                0x00000000000020d8        0xc /home/davy/research/pynq-tee/amd-zu3-optee/optee_os/out/arm-plat-zynqmp/export-ta_arm64/lib/libutee.a(utee_syscalls_a64.o)
                0x00000000000020d8                _utee_cryp_obj_get_attr
 .text._utee_cryp_obj_alloc
                0x00000000000020e4        0xc /home/davy/research/pynq-tee/amd-zu3-optee/optee_os/out/arm-plat-zynqmp/export-ta_arm64/lib/libutee.a(utee_syscalls_a64.o)
                0x00000000000020e4                _utee_cryp_obj_alloc
 .text._utee_cryp_obj_close
                0x00000000000020f0        0xc /home/davy/research/pynq-tee/amd-zu3-optee/optee_os/out/arm-plat-zynqmp/export-ta_arm64/lib/libutee.a(utee_syscalls_a64.o)
                0x00000000000020f0                _utee_cryp_obj_close
 .text._utee_cryp_obj_reset
                0x00000000000020fc        0xc /home/davy/research/pynq-tee/amd-zu3-optee/optee_os/out/arm-plat-zynqmp/export-ta_arm64/lib/libutee.a(utee_syscalls_a64.o)
                0x00000000000020fc                _utee_cryp_obj_reset
 .text._utee_cryp_obj_populate
                0x0000000000002108        0xc /home/davy/research/pynq-tee/amd-zu3-optee/optee_os/out/arm-plat-zynqmp/export-ta_arm64/lib/libutee.a(utee_syscalls_a64.o)
                0x0000000000002108                _utee_cryp_obj_populate
 .text._utee_cryp_obj_copy
                0x0000000000002114        0xc /home/davy/research/pynq-tee/amd-zu3-optee/optee_os/out/arm-plat-zynqmp/export-ta_arm64/lib/libutee.a(utee_syscalls_a64.o)
                0x0000000000002114                _utee_cryp_obj_copy
 .text._utee_cryp_derive_key
                0x0000000000002120        0xc /home/davy/research/pynq-tee/amd-zu3-optee/optee_os/out/arm-plat-zynqmp/export-ta_arm64/lib/libutee.a(utee_syscalls_a64.o)
                0x0000000000002120                _utee_cryp_derive_key
 .text._utee_cryp_random_number_generate
                0x000000000000212c        0xc /home/davy/research/pynq-tee/amd-zu3-optee/optee_os/out/arm-plat-zynqmp/export-ta_arm64/lib/libutee.a(utee_syscalls_a64.o)
                0x000000000000212c                _utee_cryp_random_number_generate
 .text._utee_authenc_init
                0x0000000000002138        0xc /home/davy/research/pynq-tee/amd-zu3-optee/optee_os/out/arm-plat-zynqmp/export-ta_arm64/lib/libutee.a(utee_syscalls_a64.o)
                0x0000000000002138                _utee_authenc_init
 .text._utee_authenc_update_aad
                0x0000000000002144        0xc /home/davy/research/pynq-tee/amd-zu3-optee/optee_os/out/arm-plat-zynqmp/export-ta_arm64/lib/libutee.a(utee_syscalls_a64.o)
                0x0000000000002144                _utee_authenc_update_aad
 .text._utee_authenc_update_payload
                0x0000000000002150        0xc /home/davy/research/pynq-tee/amd-zu3-optee/optee_os/out/arm-plat-zynqmp/export-ta_arm64/lib/libutee.a(utee_syscalls_a64.o)
                0x0000000000002150                _utee_authenc_update_payload
 .text._utee_authenc_enc_final
                0x000000000000215c        0xc /home/davy/research/pynq-tee/amd-zu3-optee/optee_os/out/arm-plat-zynqmp/export-ta_arm64/lib/libutee.a(utee_syscalls_a64.o)
                0x000000000000215c                _utee_authenc_enc_final
 .text._utee_authenc_dec_final
                0x0000000000002168        0xc /home/davy/research/pynq-tee/amd-zu3-optee/optee_os/out/arm-plat-zynqmp/export-ta_arm64/lib/libutee.a(utee_syscalls_a64.o)
                0x0000000000002168                _utee_authenc_dec_final
 .text._utee_asymm_operate
                0x0000000000002174        0xc /home/davy/research/pynq-tee/amd-zu3-optee/optee_os/out/arm-plat-zynqmp/export-ta_arm64/lib/libutee.a(utee_syscalls_a64.o)
                0x0000000000002174                _utee_asymm_operate
 .text._utee_asymm_verify
                0x0000000000002180        0xc /home/davy/research/pynq-tee/amd-zu3-optee/optee_os/out/arm-plat-zynqmp/export-ta_arm64/lib/libutee.a(utee_syscalls_a64.o)
                0x0000000000002180                _utee_asymm_verify
 .text._utee_storage_obj_open
                0x000000000000218c        0xc /home/davy/research/pynq-tee/amd-zu3-optee/optee_os/out/arm-plat-zynqmp/export-ta_arm64/lib/libutee.a(utee_syscalls_a64.o)
                0x000000000000218c                _utee_storage_obj_open
 .text._utee_storage_obj_create
                0x0000000000002198        0xc /home/davy/research/pynq-tee/amd-zu3-optee/optee_os/out/arm-plat-zynqmp/export-ta_arm64/lib/libutee.a(utee_syscalls_a64.o)
                0x0000000000002198                _utee_storage_obj_create
 .text._utee_storage_obj_del
                0x00000000000021a4        0xc /home/davy/research/pynq-tee/amd-zu3-optee/optee_os/out/arm-plat-zynqmp/export-ta_arm64/lib/libutee.a(utee_syscalls_a64.o)
                0x00000000000021a4                _utee_storage_obj_del
 .text._utee_storage_obj_rename
                0x00000000000021b0        0xc /home/davy/research/pynq-tee/amd-zu3-optee/optee_os/out/arm-plat-zynqmp/export-ta_arm64/lib/libutee.a(utee_syscalls_a64.o)
                0x00000000000021b0                _utee_storage_obj_rename
 .text._utee_storage_alloc_enum
                0x00000000000021bc        0xc /home/davy/research/pynq-tee/amd-zu3-optee/optee_os/out/arm-plat-zynqmp/export-ta_arm64/lib/libutee.a(utee_syscalls_a64.o)
                0x00000000000021bc                _utee_storage_alloc_enum
 .text._utee_storage_free_enum
                0x00000000000021c8        0xc /home/davy/research/pynq-tee/amd-zu3-optee/optee_os/out/arm-plat-zynqmp/export-ta_arm64/lib/libutee.a(utee_syscalls_a64.o)
                0x00000000000021c8                _utee_storage_free_enum
 .text._utee_storage_reset_enum
                0x00000000000021d4        0xc /home/davy/research/pynq-tee/amd-zu3-optee/optee_os/out/arm-plat-zynqmp/export-ta_arm64/lib/libutee.a(utee_syscalls_a64.o)
                0x00000000000021d4                _utee_storage_reset_enum
 .text._utee_storage_start_enum
                0x00000000000021e0        0xc /home/davy/research/pynq-tee/amd-zu3-optee/optee_os/out/arm-plat-zynqmp/export-ta_arm64/lib/libutee.a(utee_syscalls_a64.o)
                0x00000000000021e0                _utee_storage_start_enum
 .text._utee_storage_next_enum
                0x00000000000021ec        0xc /home/davy/research/pynq-tee/amd-zu3-optee/optee_os/out/arm-plat-zynqmp/export-ta_arm64/lib/libutee.a(utee_syscalls_a64.o)
                0x00000000000021ec                _utee_storage_next_enum
 .text._utee_storage_obj_read
                0x00000000000021f8        0xc /home/davy/research/pynq-tee/amd-zu3-optee/optee_os/out/arm-plat-zynqmp/export-ta_arm64/lib/libutee.a(utee_syscalls_a64.o)
                0x00000000000021f8                _utee_storage_obj_read
 .text._utee_storage_obj_write
                0x0000000000002204        0xc /home/davy/research/pynq-tee/amd-zu3-optee/optee_os/out/arm-plat-zynqmp/export-ta_arm64/lib/libutee.a(utee_syscalls_a64.o)
                0x0000000000002204                _utee_storage_obj_write
 .text._utee_storage_obj_trunc
                0x0000000000002210        0xc /home/davy/research/pynq-tee/amd-zu3-optee/optee_os/out/arm-plat-zynqmp/export-ta_arm64/lib/libutee.a(utee_syscalls_a64.o)
                0x0000000000002210                _utee_storage_obj_trunc
 .text._utee_storage_obj_seek
                0x000000000000221c        0xc /home/davy/research/pynq-tee/amd-zu3-optee/optee_os/out/arm-plat-zynqmp/export-ta_arm64/lib/libutee.a(utee_syscalls_a64.o)
                0x000000000000221c                _utee_storage_obj_seek
 .text._utee_cryp_obj_generate_key
                0x0000000000002228        0xc /home/davy/research/pynq-tee/amd-zu3-optee/optee_os/out/arm-plat-zynqmp/export-ta_arm64/lib/libutee.a(utee_syscalls_a64.o)
                0x0000000000002228                _utee_cryp_obj_generate_key
 .text._utee_cache_operation
                0x0000000000002234        0xc /home/davy/research/pynq-tee/amd-zu3-optee/optee_os/out/arm-plat-zynqmp/export-ta_arm64/lib/libutee.a(utee_syscalls_a64.o)
                0x0000000000002234                _utee_cache_operation
 .text.unlikely
                0x0000000000002240       0x20 /home/davy/research/pynq-tee/amd-zu3-optee/optee_os/out/arm-plat-zynqmp/export-ta_arm64/lib/libutee.a(abort.o)
                0x0000000000002240                abort
 .text          0x0000000000002260     0x10d0 /home/davy/research/pynq-tee/amd-zu3-optee/optee_os/out/arm-plat-zynqmp/export-ta_arm64/lib/libutee.a(tee_api.o)
                0x00000000000025f4                TEE_CloseTASession
                0x000000000000261c                TEE_GetCancellationFlag
                0x0000000000002684                TEE_UnmaskCancellation
                0x00000000000026ec                TEE_MaskCancellation
                0x0000000000002754                TEE_CheckMemoryAccessRights
                0x0000000000002980                TEE_OpenTASession
                0x0000000000002ae0                __GP11_TEE_OpenTASession
                0x0000000000002c30                TEE_InvokeTACommand
                0x0000000000002dc0                __GP11_TEE_InvokeTACommand
                0x0000000000002f40                __GP11_TEE_CheckMemoryAccessRights
                0x0000000000002f48                TEE_SetInstanceData
                0x0000000000002f54                TEE_GetInstanceData
                0x0000000000002f60                TEE_MemMove
                0x0000000000002f64                __GP11_TEE_MemMove
                0x0000000000002f6c                TEE_MemCompare
                0x0000000000002f70                __GP11_TEE_MemCompare
                0x0000000000002f78                TEE_MemFill
                0x0000000000002f7c                __GP11_TEE_MemFill
                0x0000000000002f84                TEE_GetSystemTime
                0x0000000000002fac                TEE_Wait
                0x0000000000002fe8                TEE_GetTAPersistentTime
                0x0000000000003060                TEE_SetTAPersistentTime
                0x00000000000030a4                TEE_GetREETime
                0x00000000000030cc                TEE_Malloc
                0x00000000000031dc                __GP11_TEE_Malloc
                0x00000000000031e4                TEE_Free
                0x0000000000003240                TEE_Realloc
                0x0000000000003310                __GP11_TEE_Realloc
                0x0000000000003318                TEE_CacheClean
                0x0000000000003320                TEE_CacheFlush
                0x0000000000003328                TEE_CacheInvalidate
 .text          0x0000000000003330     0x2224 /home/davy/research/pynq-tee/amd-zu3-optee/optee_os/out/arm-plat-zynqmp/export-ta_arm64/lib/libutee.a(tee_api_arith_mpi.o)
                0x0000000000003b98                _TEE_MathAPI_Init
                0x0000000000003be8                TEE_BigIntInit
                0x0000000000003c48                __GP11_TEE_BigIntInit
                0x0000000000003c50                TEE_BigIntConvertFromOctetString
                0x0000000000003d20                __GP11_TEE_BigIntConvertFromOctetString
                0x0000000000003d28                TEE_BigIntConvertToOctetString
                0x0000000000003df8                __GP11_TEE_BigIntConvertToOctetString
                0x0000000000003e64                TEE_BigIntConvertFromS32
                0x0000000000003f20                TEE_BigIntConvertToS32
                0x0000000000003fe4                TEE_BigIntCmp
                0x0000000000004084                TEE_BigIntCmpS32
                0x00000000000042f0                TEE_BigIntShiftRight
                0x0000000000004498                __GP11_TEE_BigIntShiftRight
                0x00000000000044a0                TEE_BigIntGetBit
                0x000000000000452c                TEE_BigIntGetBitCount
                0x00000000000045ac                TEE_BigIntSetBit
                0x0000000000004660                TEE_BigIntAssign
                0x00000000000046b0                TEE_BigIntAbs
                0x00000000000046dc                TEE_BigIntAdd
                0x00000000000046e8                TEE_BigIntSub
                0x00000000000046f4                TEE_BigIntNeg
                0x00000000000047e0                TEE_BigIntMul
                0x0000000000004900                TEE_BigIntSquare
                0x0000000000004908                TEE_BigIntDiv
                0x0000000000004ac4                TEE_BigIntMod
                0x0000000000004b30                TEE_BigIntAddMod
                0x0000000000004b3c                TEE_BigIntSubMod
                0x0000000000004b48                TEE_BigIntMulMod
                0x0000000000004b54                TEE_BigIntSquareMod
                0x0000000000004b60                TEE_BigIntInvMod
                0x0000000000004cb8                TEE_BigIntRelativePrime
                0x0000000000004dc8                TEE_BigIntExpMod
                0x0000000000004fa0                TEE_BigIntComputeExtendedGcd
                0x0000000000005218                TEE_BigIntIsProbablePrime
                0x00000000000052b8                TEE_BigIntInitFMM
                0x00000000000052bc                __GP11_TEE_BigIntInitFMM
                0x00000000000052c4                TEE_BigIntInitFMMContext
                0x00000000000052c8                __GP11_TEE_BigIntInitFMMContext
                0x00000000000052d0                TEE_BigIntInitFMMContext1
                0x00000000000052d8                TEE_BigIntFMMSizeInU32
                0x00000000000052e8                __GP11_TEE_BigIntFMMSizeInU32
                0x0000000000005300                TEE_BigIntFMMContextSizeInU32
                0x0000000000005308                __GP11_TEE_BigIntFMMContextSizeInU32
                0x0000000000005320                TEE_BigIntConvertToFMM
                0x0000000000005324                TEE_BigIntConvertFromFMM
                0x0000000000005400                TEE_BigIntComputeFMM
 .text          0x0000000000005554      0x1b8 /home/davy/research/pynq-tee/amd-zu3-optee/optee_os/out/arm-plat-zynqmp/export-ta_arm64/lib/libutee.a(tee_api_panic.o)
                0x0000000000005570                TEE_Panic
                0x0000000000005580                __utee_check_outbuf_annotation
                0x00000000000055dc                __utee_check_gp11_outbuf_annotation
                0x0000000000005638                __utee_check_instring_annotation
                0x0000000000005678                __utee_check_outstring_annotation
                0x000000000000567c                __utee_check_gp11_outstring_annotation
                0x0000000000005680                __utee_check_out_annotation
                0x00000000000056ac                __utee_check_attr_in_annotation
                0x00000000000056dc                __utee_check_gp11_attr_in_annotation
                0x00000000000056e0                __utee_check_inout_annotation
 .text          0x000000000000570c     0x1000 /home/davy/research/pynq-tee/amd-zu3-optee/optee_os/out/arm-plat-zynqmp/export-ta_arm64/lib/libutee.a(tee_api_property.o)
                0x0000000000005ae0                TEE_GetPropertyAsString
                0x0000000000005d54                __GP11_TEE_GetPropertyAsString
                0x0000000000005df8                TEE_GetPropertyAsBool
                0x0000000000005ed4                TEE_GetPropertyAsU32
                0x0000000000005fc0                TEE_GetPropertyAsU64
                0x00000000000060ac                __GP11_TEE_GetPropertyAsBinaryBlock
                0x000000000000619c                TEE_GetPropertyAsBinaryBlock
                0x0000000000006240                TEE_GetPropertyAsUUID
                0x000000000000632c                TEE_GetPropertyAsIdentity
                0x0000000000006418                TEE_ResetPropertyEnumerator
                0x0000000000006424                TEE_AllocatePropertyEnumerator
                0x000000000000646c                TEE_FreePropertyEnumerator
                0x0000000000006470                TEE_StartPropertyEnumerator
                0x0000000000006480                __GP11_TEE_GetPropertyName
                0x00000000000065a4                TEE_GetPropertyName
                0x0000000000006638                TEE_GetNextProperty
 .text          0x000000000000670c      0x318 /home/davy/research/pynq-tee/amd-zu3-optee/optee_os/out/arm-plat-zynqmp/export-ta_arm64/lib/libutee.a(tee_system_pta.o)
                0x0000000000006790                tee_map_zi
                0x0000000000006844                tee_unmap
                0x000000000000690c                tee_invoke_supp_plugin
 .text          0x0000000000006a24      0x374 /home/davy/research/pynq-tee/amd-zu3-optee/optee_os/out/arm-plat-zynqmp/export-ta_arm64/lib/libutee.a(tcb.o)
                0x0000000000006a24                __utee_tcb_init
                0x0000000000006c88                __tls_get_addr
                0x0000000000006ca4                dl_iterate_phdr
 .text          0x0000000000006d98       0x58 /home/davy/research/pynq-tee/amd-zu3-optee/optee_os/out/arm-plat-zynqmp/export-ta_arm64/lib/libutee.a(assert.o)
                0x0000000000006d98                _assert_log
                0x0000000000006ddc                _assert_break
 .text          0x0000000000006df0     0x3514 /home/davy/research/pynq-tee/amd-zu3-optee/optee_os/out/arm-plat-zynqmp/export-ta_arm64/lib/libmbedtls.a(bignum.o)
                0x0000000000006e48                mbedtls_mpi_lt_mpi_ct
                0x0000000000006f2c                mbedtls_mpi_init
                0x0000000000006f40                mbedtls_mpi_init_mempool
                0x0000000000006f68                mbedtls_mpi_free
                0x0000000000006fd0                mbedtls_mpi_grow
                0x00000000000070c0                mbedtls_mpi_safe_cond_assign
                0x0000000000007160                mbedtls_mpi_safe_cond_swap
                0x000000000000727c                mbedtls_mpi_shrink
                0x00000000000073a8                mbedtls_mpi_copy
                0x0000000000007484                mbedtls_mpi_swap
                0x0000000000007518                mbedtls_mpi_lset
                0x0000000000007584                mbedtls_mpi_get_bit
                0x00000000000075b0                mbedtls_mpi_set_bit
                0x000000000000763c                mbedtls_mpi_lsb
                0x0000000000007680                mbedtls_mpi_bitlen
                0x000000000000768c                mbedtls_mpi_size
                0x00000000000076a8                mbedtls_mpi_read_binary_le
                0x0000000000007708                mbedtls_mpi_read_binary
                0x0000000000007768                mbedtls_mpi_write_binary_le
                0x000000000000777c                mbedtls_mpi_write_binary
                0x0000000000007790                mbedtls_mpi_shift_l
                0x00000000000077f4                mbedtls_mpi_shift_r
                0x0000000000007824                mbedtls_mpi_cmp_abs
                0x00000000000078c4                mbedtls_mpi_cmp_mpi
                0x00000000000079a0                mbedtls_mpi_cmp_int
                0x0000000000007a20                mbedtls_mpi_add_abs
                0x0000000000007b18                mbedtls_mpi_sub_abs
                0x0000000000007ce0                mbedtls_mpi_add_mpi
                0x0000000000007ce8                mbedtls_mpi_sub_mpi
                0x0000000000007cf0                mbedtls_mpi_add_int
                0x0000000000007d70                mbedtls_mpi_sub_int
                0x0000000000007df0                mbedtls_mpi_mul_mpi
                0x0000000000007f84                mbedtls_mpi_mul_int
                0x0000000000008040                mbedtls_mpi_read_string
                0x00000000000082a4                mbedtls_mpi_div_mpi
                0x00000000000087a0                mbedtls_mpi_div_int
                0x0000000000008820                mbedtls_mpi_mod_mpi
                0x0000000000008be4                mbedtls_mpi_mod_int
                0x0000000000008c7c                mbedtls_mpi_write_string
                0x0000000000008fd4                mbedtls_mpi_montg_init
                0x0000000000008ffc                mbedtls_mpi_montmul
                0x0000000000009024                mbedtls_mpi_montred
                0x00000000000090a0                mbedtls_mpi_exp_mod
                0x00000000000090b0                mbedtls_mpi_exp_mod_unsafe
                0x00000000000090c4                mbedtls_mpi_gcd
                0x00000000000092a4                mbedtls_mpi_fill_random
                0x00000000000095c0                mbedtls_mpi_random
                0x0000000000009658                mbedtls_mpi_inv_mod
                0x0000000000009ab8                mbedtls_mpi_is_prime_ext
                0x0000000000009ba8                mbedtls_mpi_gen_prime
                0x0000000000009ef4                mbedtls_mpi_self_test
 .text          0x000000000000a304     0x10f0 /home/davy/research/pynq-tee/amd-zu3-optee/optee_os/out/arm-plat-zynqmp/export-ta_arm64/lib/libmbedtls.a(bignum_core.o)
                0x000000000000a378                mbedtls_mpi_core_clz
                0x000000000000a384                mbedtls_mpi_core_bitlen
                0x000000000000a3d8                mbedtls_mpi_core_bigendian_to_host
                0x000000000000a40c                mbedtls_mpi_core_uint_le_mpi
                0x000000000000a464                mbedtls_mpi_core_lt_ct
                0x000000000000a4e4                mbedtls_mpi_core_cond_assign
                0x000000000000a530                mbedtls_mpi_core_cond_swap
                0x000000000000a598                mbedtls_mpi_core_read_le
                0x000000000000a624                mbedtls_mpi_core_read_be
                0x000000000000a6b4                mbedtls_mpi_core_write_le
                0x000000000000a760                mbedtls_mpi_core_write_be
                0x000000000000a818                mbedtls_mpi_core_shift_r
                0x000000000000a8b8                mbedtls_mpi_core_shift_l
                0x000000000000a94c                mbedtls_mpi_core_add
                0x000000000000a988                mbedtls_mpi_core_add_if
                0x000000000000a9e4                mbedtls_mpi_core_sub
                0x000000000000aa28                mbedtls_mpi_core_mla
                0x000000000000abec                mbedtls_mpi_core_mul
                0x000000000000ac70                mbedtls_mpi_core_montmul_init
                0x000000000000aca4                mbedtls_mpi_core_montmul
                0x000000000000b078                mbedtls_mpi_core_get_mont_r2_unsafe
                0x000000000000b0e0                mbedtls_mpi_core_fill_random
                0x000000000000b190                mbedtls_mpi_core_random
                0x000000000000b294                mbedtls_mpi_core_exp_mod_working_limbs
                0x000000000000b2bc                mbedtls_mpi_core_exp_mod
                0x000000000000b2e4                mbedtls_mpi_core_exp_mod_unsafe
                0x000000000000b310                mbedtls_mpi_core_sub_int
                0x000000000000b340                mbedtls_mpi_core_check_zero_ct
                0x000000000000b364                mbedtls_mpi_core_to_mont_rep
                0x000000000000b380                mbedtls_mpi_core_from_mont_rep
 .text          0x000000000000b3f4      0x468 /home/davy/research/pynq-tee/amd-zu3-optee/optee_os/out/arm-plat-zynqmp/export-ta_arm64/lib/libmbedtls.a(constant_time.o)
                0x000000000000b468                mbedtls_ct_memcmp
                0x000000000000b49c                mbedtls_ct_memcmp_partial
                0x000000000000b524                mbedtls_ct_memmove_left
                0x000000000000b5c4                mbedtls_ct_memcpy_if
                0x000000000000b6e8                mbedtls_ct_memcpy_offset
                0x000000000000b778                mbedtls_ct_zeroize_if
 .text          0x000000000000b85c       0x60 /home/davy/research/pynq-tee/amd-zu3-optee/optee_os/out/arm-plat-zynqmp/export-ta_arm64/lib/libmbedtls.a(platform_util.o)
                0x000000000000b85c                mbedtls_platform_zeroize
                0x000000000000b894                mbedtls_zeroize_and_free
 .text          0x000000000000b8bc     0x1078 /home/davy/research/pynq-tee/amd-zu3-optee/optee_os/out/arm-plat-zynqmp/export-ta_arm64/lib/libutils.a(bget_malloc.o)
                0x000000000000b990                bget
                0x000000000000bca4                bgetz
                0x000000000000bd2c                brel
                0x000000000000c038                bgetr
                0x000000000000c104                bpool
                0x000000000000c1f0                bstats
                0x000000000000c284                malloc_reset_stats
                0x000000000000c29c                raw_malloc_flags
                0x000000000000c414                raw_memalign
                0x000000000000c438                raw_malloc
                0x000000000000c45c                raw_free
                0x000000000000c46c                raw_calloc
                0x000000000000c490                raw_realloc
                0x000000000000c4b4                free_flags
                0x000000000000c4cc                malloc
                0x000000000000c4f4                malloc_flags
                0x000000000000c514                calloc
                0x000000000000c53c                realloc
                0x000000000000c564                memalign
                0x000000000000c58c                aligned_alloc
                0x000000000000c5c4                free
                0x000000000000c5d0                free_wipe
                0x000000000000c5dc                raw_malloc_get_ctx_size
                0x000000000000c5e4                raw_malloc_init_ctx
                0x000000000000c610                raw_malloc_add_pool
                0x000000000000c700                raw_malloc_buffer_overlaps_heap
                0x000000000000c770                raw_malloc_buffer_is_within_alloced
                0x000000000000c8a4                raw_malloc_get_stats
                0x000000000000c8e8                malloc_get_stats
                0x000000000000c8f8                malloc_add_pool
                0x000000000000c90c                malloc_buffer_is_within_alloced
                0x000000000000c920                malloc_buffer_overlaps_heap
 .text          0x000000000000c934      0x120 /home/davy/research/pynq-tee/amd-zu3-optee/optee_os/out/arm-plat-zynqmp/export-ta_arm64/lib/libutils.a(snprintf.o)
                0x000000000000c934                snprintf
                0x000000000000c9fc                vsnprintf
 .text          0x000000000000ca54       0x58 /home/davy/research/pynq-tee/amd-zu3-optee/optee_os/out/arm-plat-zynqmp/export-ta_arm64/lib/libutils.a(memmove.o)
                0x000000000000ca54                memmove
 .text          0x000000000000caac       0x1c /home/davy/research/pynq-tee/amd-zu3-optee/optee_os/out/arm-plat-zynqmp/export-ta_arm64/lib/libutils.a(memset.o)
                0x000000000000caac                memset
 .text          0x000000000000cac8       0x24 /home/davy/research/pynq-tee/amd-zu3-optee/optee_os/out/arm-plat-zynqmp/export-ta_arm64/lib/libutils.a(strcmp.o)
                0x000000000000cac8                strcmp
 .text          0x000000000000caec       0x38 /home/davy/research/pynq-tee/amd-zu3-optee/optee_os/out/arm-plat-zynqmp/export-ta_arm64/lib/libutils.a(strlcpy.o)
                0x000000000000caec                strlcpy
 .text          0x000000000000cb24      0x198 /home/davy/research/pynq-tee/amd-zu3-optee/optee_os/out/arm-plat-zynqmp/export-ta_arm64/lib/libutils.a(mempool.o)
                0x000000000000cb24                mempool_alloc_pool
                0x000000000000cbec                mempool_alloc
                0x000000000000cc50                mempool_calloc
                0x000000000000cca0                mempool_free
 .text          0x000000000000ccbc       0x70 /home/davy/research/pynq-tee/amd-zu3-optee/optee_os/out/arm-plat-zynqmp/export-ta_arm64/lib/libutils.a(consttime_memcmp.o)
                0x000000000000ccbc                consttime_memcmp
 .text          0x000000000000cd2c      0x250 /home/davy/research/pynq-tee/amd-zu3-optee/optee_os/out/arm-plat-zynqmp/export-ta_arm64/lib/libutils.a(base64.o)
                0x000000000000cd2c                base64_enc_len
                0x000000000000cd44                base64_enc
                0x000000000000ce58                base64_dec
 .text          0x000000000000cf7c        0x0 /home/davy/research/pynq-tee/amd-zu3-optee/optee_os/out/arm-plat-zynqmp/export-ta_arm64/lib/libutee.a(utee_syscalls_a64.o)
 .text          0x000000000000cf7c        0x0 /home/davy/research/pynq-tee/amd-zu3-optee/optee_os/out/arm-plat-zynqmp/export-ta_arm64/lib/libutee.a(abort.o)
 *(SORT_BY_ALIGNMENT(.stub))
 *(SORT_BY_ALIGNMENT(.glue_7))
 *(SORT_BY_ALIGNMENT(.glue_7t))
 *(SORT_BY_ALIGNMENT(.gnu.linkonce.t.*))
 *(SORT_BY_ALIGNMENT(.vfp11_veneer))
                0x000000000000cf7c                __text_end = .

.note.gnu.property
 *(SORT_BY_ALIGNMENT(.note.gnu.property))

.plt            0x000000000000cf7c        0x0
 *(SORT_BY_ALIGNMENT(.plt))
 .plt           0x000000000000cf7c        0x0 ./secure_switch_ta.o

.eh_frame_hdr
 *(SORT_BY_ALIGNMENT(.eh_frame_hdr))
 *(SORT_BY_ALIGNMENT(.eh_frame_entry) SORT_BY_ALIGNMENT(.eh_frame_entry.*))

.eh_frame       0x000000000000cf80     0x2e08
 *(SORT_BY_ALIGNMENT(.eh_frame))
 .eh_frame      0x000000000000cf80       0x88 ./secure_switch_ta.o
 .eh_frame      0x000000000000d008       0x68 ./user_ta_header.o
                                         0x78 (size before relaxing)
 .eh_frame      0x000000000000d070       0x18 /home/davy/research/pynq-tee/amd-zu3-optee/optee_os/out/arm-plat-zynqmp/export-ta_arm64/lib/libutils.a(stack_check.o)
                                         0x30 (size before relaxing)
 .eh_frame      0x000000000000d088       0xb8 /home/davy/research/pynq-tee/amd-zu3-optee/optee_os/out/arm-plat-zynqmp/export-ta_arm64/lib/libutils.a(trace.o)
                                         0xc8 (size before relaxing)
 .eh_frame      0x000000000000d140       0x18 /home/davy/research/pynq-tee/amd-zu3-optee/optee_os/out/arm-plat-zynqmp/export-ta_arm64/lib/libutils.a(memcpy.o)
                                         0x28 (size before relaxing)
 .eh_frame      0x000000000000d158       0xf0 /home/davy/research/pynq-tee/amd-zu3-optee/optee_os/out/arm-plat-zynqmp/export-ta_arm64/lib/libutils.a(snprintk.o)
                                        0x108 (size before relaxing)
 .eh_frame      0x000000000000d248       0x18 /home/davy/research/pynq-tee/amd-zu3-optee/optee_os/out/arm-plat-zynqmp/export-ta_arm64/lib/libutils.a(memchr.o)
                                         0x28 (size before relaxing)
 .eh_frame      0x000000000000d260       0x18 /home/davy/research/pynq-tee/amd-zu3-optee/optee_os/out/arm-plat-zynqmp/export-ta_arm64/lib/libutils.a(strlen.o)
                                         0x28 (size before relaxing)
 .eh_frame      0x000000000000d278       0xa8 /home/davy/research/pynq-tee/amd-zu3-optee/optee_os/out/arm-plat-zynqmp/export-ta_arm64/lib/libutee.a(trace_ext.o)
                                         0xc0 (size before relaxing)
 .eh_frame      0x000000000000d320      0x150 /home/davy/research/pynq-tee/amd-zu3-optee/optee_os/out/arm-plat-zynqmp/export-ta_arm64/lib/libutee.a(user_ta_entry.o)
                                        0x168 (size before relaxing)
 .eh_frame      0x000000000000d470       0x98 /home/davy/research/pynq-tee/amd-zu3-optee/optee_os/out/arm-plat-zynqmp/export-ta_arm64/lib/libutee.a(user_ta_entry_compat.o)
                                         0xa8 (size before relaxing)
 .eh_frame      0x000000000000d508       0x18 /home/davy/research/pynq-tee/amd-zu3-optee/optee_os/out/arm-plat-zynqmp/export-ta_arm64/lib/libutee.a(abort.o)
                                         0x30 (size before relaxing)
 .eh_frame      0x000000000000d520      0x570 /home/davy/research/pynq-tee/amd-zu3-optee/optee_os/out/arm-plat-zynqmp/export-ta_arm64/lib/libutee.a(tee_api.o)
                                        0x588 (size before relaxing)
 .eh_frame      0x000000000000da90      0x7e8 /home/davy/research/pynq-tee/amd-zu3-optee/optee_os/out/arm-plat-zynqmp/export-ta_arm64/lib/libutee.a(tee_api_arith_mpi.o)
                                        0x800 (size before relaxing)
 .eh_frame      0x000000000000e278      0x180 /home/davy/research/pynq-tee/amd-zu3-optee/optee_os/out/arm-plat-zynqmp/export-ta_arm64/lib/libutee.a(tee_api_panic.o)
                                        0x190 (size before relaxing)
 .eh_frame      0x000000000000e3f8      0x310 /home/davy/research/pynq-tee/amd-zu3-optee/optee_os/out/arm-plat-zynqmp/export-ta_arm64/lib/libutee.a(tee_api_property.o)
                                        0x328 (size before relaxing)
 .eh_frame      0x000000000000e708       0xc0 /home/davy/research/pynq-tee/amd-zu3-optee/optee_os/out/arm-plat-zynqmp/export-ta_arm64/lib/libutee.a(tee_system_pta.o)
                                         0xd8 (size before relaxing)
 .eh_frame      0x000000000000e7c8       0x90 /home/davy/research/pynq-tee/amd-zu3-optee/optee_os/out/arm-plat-zynqmp/export-ta_arm64/lib/libutee.a(tcb.o)
                                         0xa0 (size before relaxing)
 .eh_frame      0x000000000000e858       0x38 /home/davy/research/pynq-tee/amd-zu3-optee/optee_os/out/arm-plat-zynqmp/export-ta_arm64/lib/libutee.a(assert.o)
                                         0x50 (size before relaxing)
 .eh_frame      0x000000000000e890      0x988 /home/davy/research/pynq-tee/amd-zu3-optee/optee_os/out/arm-plat-zynqmp/export-ta_arm64/lib/libmbedtls.a(bignum.o)
                                        0x9a0 (size before relaxing)
 .eh_frame      0x000000000000f218      0x458 /home/davy/research/pynq-tee/amd-zu3-optee/optee_os/out/arm-plat-zynqmp/export-ta_arm64/lib/libmbedtls.a(bignum_core.o)
                                        0x470 (size before relaxing)
 .eh_frame      0x000000000000f670      0x148 /home/davy/research/pynq-tee/amd-zu3-optee/optee_os/out/arm-plat-zynqmp/export-ta_arm64/lib/libmbedtls.a(constant_time.o)
                                        0x160 (size before relaxing)
 .eh_frame      0x000000000000f7b8       0x48 /home/davy/research/pynq-tee/amd-zu3-optee/optee_os/out/arm-plat-zynqmp/export-ta_arm64/lib/libmbedtls.a(platform_util.o)
                                         0x60 (size before relaxing)
 .eh_frame      0x000000000000f800      0x3d0 /home/davy/research/pynq-tee/amd-zu3-optee/optee_os/out/arm-plat-zynqmp/export-ta_arm64/lib/libutils.a(bget_malloc.o)
                                        0x3e0 (size before relaxing)
 .eh_frame      0x000000000000fbd0       0x58 /home/davy/research/pynq-tee/amd-zu3-optee/optee_os/out/arm-plat-zynqmp/export-ta_arm64/lib/libutils.a(snprintf.o)
                                         0x70 (size before relaxing)
 .eh_frame      0x000000000000fc28       0x18 /home/davy/research/pynq-tee/amd-zu3-optee/optee_os/out/arm-plat-zynqmp/export-ta_arm64/lib/libutils.a(memmove.o)
                                         0x28 (size before relaxing)
 .eh_frame      0x000000000000fc40       0x18 /home/davy/research/pynq-tee/amd-zu3-optee/optee_os/out/arm-plat-zynqmp/export-ta_arm64/lib/libutils.a(memset.o)
                                         0x28 (size before relaxing)
 .eh_frame      0x000000000000fc58       0x18 /home/davy/research/pynq-tee/amd-zu3-optee/optee_os/out/arm-plat-zynqmp/export-ta_arm64/lib/libutils.a(strcmp.o)
                                         0x28 (size before relaxing)
 .eh_frame      0x000000000000fc70       0x18 /home/davy/research/pynq-tee/amd-zu3-optee/optee_os/out/arm-plat-zynqmp/export-ta_arm64/lib/libutils.a(strlcpy.o)
                                         0x28 (size before relaxing)
 .eh_frame      0x000000000000fc88       0x88 /home/davy/research/pynq-tee/amd-zu3-optee/optee_os/out/arm-plat-zynqmp/export-ta_arm64/lib/libutils.a(mempool.o)
                                         0xa0 (size before relaxing)
 .eh_frame      0x000000000000fd10       0x20 /home/davy/research/pynq-tee/amd-zu3-optee/optee_os/out/arm-plat-zynqmp/export-ta_arm64/lib/libutils.a(consttime_memcmp.o)
                                         0x30 (size before relaxing)
 .eh_frame      0x000000000000fd30       0x58 /home/davy/research/pynq-tee/amd-zu3-optee/optee_os/out/arm-plat-zynqmp/export-ta_arm64/lib/libutils.a(base64.o)
                                         0x70 (size before relaxing)
 *(SORT_BY_ALIGNMENT(.eh_frame.*))

.gcc_except_table
 *(SORT_BY_ALIGNMENT(.gcc_except_table) SORT_BY_ALIGNMENT(.gcc_except_table.*))

.rodata         0x000000000000fd88     0x1095
 *(SORT_BY_ALIGNMENT(.gnu.linkonce.r.*))
 *(SORT_BY_ALIGNMENT(.rodata) SORT_BY_ALIGNMENT(.rodata.*))
 .rodata./home/davy/research/pynq-tee/amd-zu3-optee/optee_os/out/arm-plat-zynqmp/export-ta_arm64/src/user_ta_header.c
                0x000000000000fd88       0x33 ./user_ta_header.o
                0x000000000000fd88                ta_num_props
                0x000000000000fda8                __ta_no_share_heap_size
                0x000000000000fdb0                ta_heap_size
                0x000000000000fdb8                trace_ext_prefix
 *fill*         0x000000000000fdbb        0x5 
 .rodata.lib/libutee/tee_api.c
                0x000000000000fdc0       0x18 /home/davy/research/pynq-tee/amd-zu3-optee/optee_os/out/arm-plat-zynqmp/export-ta_arm64/lib/libutee.a(tee_api.o)
 .rodata.lib/libutils/ext/snprintk.c
                0x000000000000fdd8       0xac /home/davy/research/pynq-tee/amd-zu3-optee/optee_os/out/arm-plat-zynqmp/export-ta_arm64/lib/libutils.a(snprintk.o)
 .rodata.lib/libutee/tee_api_property.c
                0x000000000000fe84       0x10 /home/davy/research/pynq-tee/amd-zu3-optee/optee_os/out/arm-plat-zynqmp/export-ta_arm64/lib/libutee.a(tee_api_property.o)
 .rodata.lib/libutee/tee_system_pta.c
                0x000000000000fe94       0x31 /home/davy/research/pynq-tee/amd-zu3-optee/optee_os/out/arm-plat-zynqmp/export-ta_arm64/lib/libutee.a(tee_system_pta.o)
 *fill*         0x000000000000fec5        0x3 
 .rodata.lib/libmbedtls/mbedtls/library/bignum.c
                0x000000000000fec8       0xcc /home/davy/research/pynq-tee/amd-zu3-optee/optee_os/out/arm-plat-zynqmp/export-ta_arm64/lib/libmbedtls.a(bignum.o)
 .rodata.str1.1.secure_switch_ta.c
                0x000000000000ff94      0xc16 ./secure_switch_ta.o
                                         0x19 (size before relaxing)
 .rodata.secure_switch_ta.c
                0x0000000000010baa       0x14 ./secure_switch_ta.o
 .rodata.str1.1./home/davy/research/pynq-tee/amd-zu3-optee/optee_os/out/arm-plat-zynqmp/export-ta_arm64/src/user_ta_header.c
                0x0000000000010bbe      0x102 ./user_ta_header.o
 .rodata.str1.1.lib/libutils/isoc/stack_check.c
                0x0000000000010bbe       0x18 /home/davy/research/pynq-tee/amd-zu3-optee/optee_os/out/arm-plat-zynqmp/export-ta_arm64/lib/libutils.a(stack_check.o)
 .rodata.str1.1.lib/libutils/ext/trace.c
                0x0000000000010bbe       0x1b /home/davy/research/pynq-tee/amd-zu3-optee/optee_os/out/arm-plat-zynqmp/export-ta_arm64/lib/libutils.a(trace.o)
 .rodata.lib/libutils/ext/trace.c
                0x0000000000010bbe        0x5 /home/davy/research/pynq-tee/amd-zu3-optee/optee_os/out/arm-plat-zynqmp/export-ta_arm64/lib/libutils.a(trace.o)
 .rodata.str1.1.lib/libutils/ext/snprintk.c
                0x0000000000010bc3       0x38 /home/davy/research/pynq-tee/amd-zu3-optee/optee_os/out/arm-plat-zynqmp/export-ta_arm64/lib/libutils.a(snprintk.o)
 .rodata.str1.1.lib/libutee/trace_ext.c
                0x0000000000010bc3        0x2 /home/davy/research/pynq-tee/amd-zu3-optee/optee_os/out/arm-plat-zynqmp/export-ta_arm64/lib/libutee.a(trace_ext.o)
 .rodata.str1.1.lib/libutee/user_ta_entry.c
                0x0000000000010bc3       0x4f /home/davy/research/pynq-tee/amd-zu3-optee/optee_os/out/arm-plat-zynqmp/export-ta_arm64/lib/libutee.a(user_ta_entry.o)
 .rodata.lib/libutee/user_ta_entry.c
                0x0000000000010bc3       0x16 /home/davy/research/pynq-tee/amd-zu3-optee/optee_os/out/arm-plat-zynqmp/export-ta_arm64/lib/libutee.a(user_ta_entry.o)
 .rodata.str1.1.lib/libutee/abort.c
                0x0000000000010bd9        0x7 /home/davy/research/pynq-tee/amd-zu3-optee/optee_os/out/arm-plat-zynqmp/export-ta_arm64/lib/libutee.a(abort.o)
 .rodata.str1.1.lib/libutee/tee_api.c
                0x0000000000010bd9       0x11 /home/davy/research/pynq-tee/amd-zu3-optee/optee_os/out/arm-plat-zynqmp/export-ta_arm64/lib/libutee.a(tee_api.o)
 .rodata.str1.1.lib/libutee/tee_api_arith_mpi.c
                0x0000000000010bd9       0xc9 /home/davy/research/pynq-tee/amd-zu3-optee/optee_os/out/arm-plat-zynqmp/export-ta_arm64/lib/libutee.a(tee_api_arith_mpi.o)
 .rodata.lib/libutee/tee_api_arith_mpi.c
                0x0000000000010bd9      0x14e /home/davy/research/pynq-tee/amd-zu3-optee/optee_os/out/arm-plat-zynqmp/export-ta_arm64/lib/libutee.a(tee_api_arith_mpi.o)
 .rodata.str1.1.lib/libutee/tee_api_property.c
                0x0000000000010d27       0x88 /home/davy/research/pynq-tee/amd-zu3-optee/optee_os/out/arm-plat-zynqmp/export-ta_arm64/lib/libutee.a(tee_api_property.o)
 .rodata.str1.1.lib/libutee/tee_system_pta.c
                0x0000000000010d27       0x55 /home/davy/research/pynq-tee/amd-zu3-optee/optee_os/out/arm-plat-zynqmp/export-ta_arm64/lib/libutee.a(tee_system_pta.o)
 .rodata.str1.1.lib/libutee/tcb.c
                0x0000000000010d27       0x8d /home/davy/research/pynq-tee/amd-zu3-optee/optee_os/out/arm-plat-zynqmp/export-ta_arm64/lib/libutee.a(tcb.o)
 .rodata.lib/libutee/tcb.c
                0x0000000000010d27       0x20 /home/davy/research/pynq-tee/amd-zu3-optee/optee_os/out/arm-plat-zynqmp/export-ta_arm64/lib/libutee.a(tcb.o)
 .rodata.str1.1.lib/libutee/assert.c
                0x0000000000010d47       0x27 /home/davy/research/pynq-tee/amd-zu3-optee/optee_os/out/arm-plat-zynqmp/export-ta_arm64/lib/libutee.a(assert.o)
 .rodata.str1.1.lib/libmbedtls/mbedtls/library/bignum.c
                0x0000000000010d47      0x45d /home/davy/research/pynq-tee/amd-zu3-optee/optee_os/out/arm-plat-zynqmp/export-ta_arm64/lib/libmbedtls.a(bignum.o)
 .rodata.str1.1.lib/libutils/isoc/bget_malloc.c
                0x0000000000010d47      0x2ff /home/davy/research/pynq-tee/amd-zu3-optee/optee_os/out/arm-plat-zynqmp/export-ta_arm64/lib/libutils.a(bget_malloc.o)
 .rodata.lib/libutils/isoc/bget_malloc.c
                0x0000000000010d47       0x69 /home/davy/research/pynq-tee/amd-zu3-optee/optee_os/out/arm-plat-zynqmp/export-ta_arm64/lib/libutils.a(bget_malloc.o)
 .rodata.str1.1.lib/libutils/ext/mempool.c
                0x0000000000010db0       0x89 /home/davy/research/pynq-tee/amd-zu3-optee/optee_os/out/arm-plat-zynqmp/export-ta_arm64/lib/libutils.a(mempool.o)
 .rodata.lib/libutils/ext/mempool.c
                0x0000000000010db0       0x2c /home/davy/research/pynq-tee/amd-zu3-optee/optee_os/out/arm-plat-zynqmp/export-ta_arm64/lib/libutils.a(mempool.o)
 .rodata.lib/libutils/ext/base64.c
                0x0000000000010ddc       0x41 /home/davy/research/pynq-tee/amd-zu3-optee/optee_os/out/arm-plat-zynqmp/export-ta_arm64/lib/libutils.a(base64.o)

.gnu.version_d  0x0000000000010e20        0x0
 .gnu.version_d
                0x0000000000010e20        0x0 ./secure_switch_ta.o

.gnu.version    0x0000000000010e1e        0x0
 .gnu.version   0x0000000000010e1e        0x0 ./secure_switch_ta.o

.gnu.version_r  0x0000000000010e20        0x0
 .gnu.version_r
                0x0000000000010e20        0x0 ./secure_switch_ta.o

.gnu.hash       0x0000000000010e20       0x34
 .gnu.hash      0x0000000000010e20       0x34 ./secure_switch_ta.o

.ta_head        0x0000000000010e58       0x20
 .ta_head       0x0000000000010e58       0x20 ./user_ta_header.o
                0x0000000000010e58                ta_head

.ARM.extab
 *(SORT_BY_ALIGNMENT(.ARM.extab*) SORT_BY_ALIGNMENT(.gnu.linkonce.armextab.*))
                [!provide]                        PROVIDE (__exidx_start = .)

.ARM.exidx
 *(SORT_BY_ALIGNMENT(.ARM.exidx*) SORT_BY_ALIGNMENT(.gnu.linkonce.armexidx.*))
                [!provide]                        PROVIDE (__exidx_end = .)

.ctors
 *(SORT_BY_ALIGNMENT(.ctors))

.dtors
 *(SORT_BY_ALIGNMENT(.dtors))

.dynsym         0x0000000000010e78       0xa8
 *(SORT_BY_ALIGNMENT(.dynsym))
 .dynsym        0x0000000000010e78       0xa8 ./secure_switch_ta.o

.dynstr         0x0000000000010f20       0x36
 *(SORT_BY_ALIGNMENT(.dynstr))
 .dynstr        0x0000000000010f20       0x36 ./secure_switch_ta.o

.hash           0x0000000000010f58       0x30
 *(SORT_BY_ALIGNMENT(.hash))
 .hash          0x0000000000010f58       0x30 ./secure_switch_ta.o

.rela.dyn       0x0000000000010f88      0x318
 .rela.data.rel.ro
                0x0000000000010f88       0x18 ./secure_switch_ta.o
 .rela.ifunc    0x0000000000010fa0        0x0 ./secure_switch_ta.o
 .rela.data.rel.ro.local
                0x0000000000010fa0      0x2a0 ./secure_switch_ta.o
 .rela.data.rel.local
                0x0000000000011240       0x60 ./secure_switch_ta.o
                0x0000000000012000                . = ALIGN (0x1000)

.dynamic        0x0000000000012000      0x110
 *(SORT_BY_ALIGNMENT(.dynamic))
 .dynamic       0x0000000000012000      0x110 ./secure_switch_ta.o
                0x0000000000012000                _DYNAMIC

.tdata
 *(SORT_BY_ALIGNMENT(.tdata) SORT_BY_ALIGNMENT(.tdata.*) SORT_BY_ALIGNMENT(.gnu.linkonce.td.*))

.tbss
 *(SORT_BY_ALIGNMENT(.tbss) SORT_BY_ALIGNMENT(.tbss.*) SORT_BY_ALIGNMENT(.gnu.linkonce.tb.*))
 *(SORT_BY_ALIGNMENT(.tcommon))

.got            0x0000000000012110       0xd8
 *(SORT_BY_ALIGNMENT(.got.plt))
 .got.plt       0x0000000000012110       0x18 ./secure_switch_ta.o
 *(SORT_BY_ALIGNMENT(.got))
 .got           0x0000000000012128       0xc0 ./secure_switch_ta.o
                0x0000000000012128                _GLOBAL_OFFSET_TABLE_

.rel.text
 *(SORT_BY_ALIGNMENT(.rel.text))
 *(SORT_BY_ALIGNMENT(.rel.gnu.linkonce.t*))

.rela.text
 *(SORT_BY_ALIGNMENT(.rela.text))
 *(SORT_BY_ALIGNMENT(.rela.gnu.linkonce.t*))

.rel.data
 *(SORT_BY_ALIGNMENT(.rel.data))
 *(SORT_BY_ALIGNMENT(.rel.gnu.linkonce.d*))

.rela.data
 *(SORT_BY_ALIGNMENT(.rela.data))
 *(SORT_BY_ALIGNMENT(.rela.gnu.linkonce.d*))

.rel.tdata
 *(SORT_BY_ALIGNMENT(.rel.tdata) SORT_BY_ALIGNMENT(.rel.tdata.*) SORT_BY_ALIGNMENT(.rel.gnu.linkonce.td.*))

.rela.tdata
 *(SORT_BY_ALIGNMENT(.rela.tdata) SORT_BY_ALIGNMENT(.rela.tdata.*) SORT_BY_ALIGNMENT(.rela.gnu.linkonce.td.*))

.rel.tbss
 *(SORT_BY_ALIGNMENT(.rel.tbss) SORT_BY_ALIGNMENT(.rel.tbss.*) SORT_BY_ALIGNMENT(.rel.gnu.linkonce.tb.*))

.rela.tbss
 *(SORT_BY_ALIGNMENT(.rela.tbss) SORT_BY_ALIGNMENT(.rela.tbss.*) SORT_BY_ALIGNMENT(.rela.gnu.linkonce.tb.*))

.rel.rodata
 *(SORT_BY_ALIGNMENT(.rel.rodata))
 *(SORT_BY_ALIGNMENT(.rel.gnu.linkonce.r*))

.rela.rodata
 *(SORT_BY_ALIGNMENT(.rela.rodata))
 *(SORT_BY_ALIGNMENT(.rela.gnu.linkonce.r*))

.rel.dyn
 *(SORT_BY_ALIGNMENT(.rel.dyn))

.rel.got
 *(SORT_BY_ALIGNMENT(.rel.got))

.rela.got       0x00000000000121e8      0x228
 *(SORT_BY_ALIGNMENT(.rela.got))
 .rela.got      0x00000000000121e8      0x228 ./secure_switch_ta.o

.rel.ctors
 *(SORT_BY_ALIGNMENT(.rel.ctors))

.rela.ctors
 *(SORT_BY_ALIGNMENT(.rela.ctors))

.rel.dtors
 *(SORT_BY_ALIGNMENT(.rel.dtors))

.rela.dtors
 *(SORT_BY_ALIGNMENT(.rela.dtors))

.rel.init
 *(SORT_BY_ALIGNMENT(.rel.init))

.rela.init
 *(SORT_BY_ALIGNMENT(.rela.init))

.rel.fini
 *(SORT_BY_ALIGNMENT(.rel.fini))

.rela.fini
 *(SORT_BY_ALIGNMENT(.rela.fini))

.rel.bss
 *(SORT_BY_ALIGNMENT(.rel.bss))

.rela.bss       0x0000000000012410        0x0
 *(SORT_BY_ALIGNMENT(.rela.bss))
 .rela.bss      0x0000000000012410        0x0 ./secure_switch_ta.o

.rel.plt
 *(SORT_BY_ALIGNMENT(.rel.plt))

.rela.plt       0x0000000000012410        0x0
 *(SORT_BY_ALIGNMENT(.rela.plt))
 .rela.plt      0x0000000000012410        0x0 ./secure_switch_ta.o

.data           0x0000000000012410      0x214
 *(SORT_BY_ALIGNMENT(.data) SORT_BY_ALIGNMENT(.data.*) SORT_BY_ALIGNMENT(.gnu.linkonce.d.*))
 .data.rel.ro.local
                0x0000000000012410       0xf0 ./user_ta_header.o
                0x0000000000012410                ta_props
 .data          0x0000000000012500        0x8 /home/davy/research/pynq-tee/amd-zu3-optee/optee_os/out/arm-plat-zynqmp/export-ta_arm64/lib/libutils.a(stack_check.o)
                0x0000000000012500                __stack_chk_guard
 .data.rel.local
                0x0000000000012508       0x20 /home/davy/research/pynq-tee/amd-zu3-optee/optee_os/out/arm-plat-zynqmp/export-ta_arm64/lib/libutee.a(user_ta_entry.o)
 .data.rel.ro.local
                0x0000000000012528       0x60 /home/davy/research/pynq-tee/amd-zu3-optee/optee_os/out/arm-plat-zynqmp/export-ta_arm64/lib/libutee.a(tee_api_property.o)
                0x0000000000012528                tee_props
 .data.rel.ro   0x0000000000012588        0x8 /home/davy/research/pynq-tee/amd-zu3-optee/optee_os/out/arm-plat-zynqmp/export-ta_arm64/lib/libmbedtls.a(platform_util.o)
 .data.rel.local
                0x0000000000012590       0x90 /home/davy/research/pynq-tee/amd-zu3-optee/optee_os/out/arm-plat-zynqmp/export-ta_arm64/lib/libutils.a(bget_malloc.o)
 .data          0x0000000000012620        0x4 ./user_ta_header.o
                0x0000000000012620                trace_level
 .data          0x0000000000012624        0x0 ./secure_switch_ta.o
 .data.rel.ro   0x0000000000012624        0x0 ./secure_switch_ta.o
 .data          0x0000000000012624        0x0 /home/davy/research/pynq-tee/amd-zu3-optee/optee_os/out/arm-plat-zynqmp/export-ta_arm64/lib/libutils.a(trace.o)
 .data          0x0000000000012624        0x0 /home/davy/research/pynq-tee/amd-zu3-optee/optee_os/out/arm-plat-zynqmp/export-ta_arm64/lib/libutils.a(memcpy.o)
 .data          0x0000000000012624        0x0 /home/davy/research/pynq-tee/amd-zu3-optee/optee_os/out/arm-plat-zynqmp/export-ta_arm64/lib/libutils.a(snprintk.o)
 .data          0x0000000000012624        0x0 /home/davy/research/pynq-tee/amd-zu3-optee/optee_os/out/arm-plat-zynqmp/export-ta_arm64/lib/libutils.a(memchr.o)
 .data          0x0000000000012624        0x0 /home/davy/research/pynq-tee/amd-zu3-optee/optee_os/out/arm-plat-zynqmp/export-ta_arm64/lib/libutils.a(strlen.o)
 .data          0x0000000000012624        0x0 /home/davy/research/pynq-tee/amd-zu3-optee/optee_os/out/arm-plat-zynqmp/export-ta_arm64/lib/libutee.a(trace_ext.o)
 .data          0x0000000000012624        0x0 /home/davy/research/pynq-tee/amd-zu3-optee/optee_os/out/arm-plat-zynqmp/export-ta_arm64/lib/libutee.a(user_ta_entry.o)
 .data          0x0000000000012624        0x0 /home/davy/research/pynq-tee/amd-zu3-optee/optee_os/out/arm-plat-zynqmp/export-ta_arm64/lib/libutee.a(user_ta_entry_compat.o)
 .data          0x0000000000012624        0x0 /home/davy/research/pynq-tee/amd-zu3-optee/optee_os/out/arm-plat-zynqmp/export-ta_arm64/lib/libutee.a(utee_syscalls_a64.o)
 .data          0x0000000000012624        0x0 /home/davy/research/pynq-tee/amd-zu3-optee/optee_os/out/arm-plat-zynqmp/export-ta_arm64/lib/libutee.a(abort.o)
 .data          0x0000000000012624        0x0 /home/davy/research/pynq-tee/amd-zu3-optee/optee_os/out/arm-plat-zynqmp/export-ta_arm64/lib/libutee.a(tee_api.o)
 .data          0x0000000000012624        0x0 /home/davy/research/pynq-tee/amd-zu3-optee/optee_os/out/arm-plat-zynqmp/export-ta_arm64/lib/libutee.a(tee_api_arith_mpi.o)
 .data          0x0000000000012624        0x0 /home/davy/research/pynq-tee/amd-zu3-optee/optee_os/out/arm-plat-zynqmp/export-ta_arm64/lib/libutee.a(tee_api_panic.o)
 .data          0x0000000000012624        0x0 /home/davy/research/pynq-tee/amd-zu3-optee/optee_os/out/arm-plat-zynqmp/export-ta_arm64/lib/libutee.a(tee_api_property.o)
 .data          0x0000000000012624        0x0 /home/davy/research/pynq-tee/amd-zu3-optee/optee_os/out/arm-plat-zynqmp/export-ta_arm64/lib/libutee.a(tee_system_pta.o)
 .data          0x0000000000012624        0x0 /home/davy/research/pynq-tee/amd-zu3-optee/optee_os/out/arm-plat-zynqmp/export-ta_arm64/lib/libutee.a(tcb.o)
 .data          0x0000000000012624        0x0 /home/davy/research/pynq-tee/amd-zu3-optee/optee_os/out/arm-plat-zynqmp/export-ta_arm64/lib/libutee.a(assert.o)
 .data          0x0000000000012624        0x0 /home/davy/research/pynq-tee/amd-zu3-optee/optee_os/out/arm-plat-zynqmp/export-ta_arm64/lib/libmbedtls.a(bignum.o)
 .data          0x0000000000012624        0x0 /home/davy/research/pynq-tee/amd-zu3-optee/optee_os/out/arm-plat-zynqmp/export-ta_arm64/lib/libmbedtls.a(bignum_core.o)
 .data          0x0000000000012624        0x0 /home/davy/research/pynq-tee/amd-zu3-optee/optee_os/out/arm-plat-zynqmp/export-ta_arm64/lib/libmbedtls.a(constant_time.o)
 .data          0x0000000000012624        0x0 /home/davy/research/pynq-tee/amd-zu3-optee/optee_os/out/arm-plat-zynqmp/export-ta_arm64/lib/libmbedtls.a(platform_util.o)
 .data          0x0000000000012624        0x0 /home/davy/research/pynq-tee/amd-zu3-optee/optee_os/out/arm-plat-zynqmp/export-ta_arm64/lib/libutils.a(bget_malloc.o)
 .data          0x0000000000012624        0x0 /home/davy/research/pynq-tee/amd-zu3-optee/optee_os/out/arm-plat-zynqmp/export-ta_arm64/lib/libutils.a(snprintf.o)
 .data          0x0000000000012624        0x0 /home/davy/research/pynq-tee/amd-zu3-optee/optee_os/out/arm-plat-zynqmp/export-ta_arm64/lib/libutils.a(memmove.o)
 .data          0x0000000000012624        0x0 /home/davy/research/pynq-tee/amd-zu3-optee/optee_os/out/arm-plat-zynqmp/export-ta_arm64/lib/libutils.a(memset.o)
 .data          0x0000000000012624        0x0 /home/davy/research/pynq-tee/amd-zu3-optee/optee_os/out/arm-plat-zynqmp/export-ta_arm64/lib/libutils.a(strcmp.o)
 .data          0x0000000000012624        0x0 /home/davy/research/pynq-tee/amd-zu3-optee/optee_os/out/arm-plat-zynqmp/export-ta_arm64/lib/libutils.a(strlcpy.o)
 .data          0x0000000000012624        0x0 /home/davy/research/pynq-tee/amd-zu3-optee/optee_os/out/arm-plat-zynqmp/export-ta_arm64/lib/libutils.a(mempool.o)
 .data          0x0000000000012624        0x0 /home/davy/research/pynq-tee/amd-zu3-optee/optee_os/out/arm-plat-zynqmp/export-ta_arm64/lib/libutils.a(consttime_memcmp.o)
 .data          0x0000000000012624        0x0 /home/davy/research/pynq-tee/amd-zu3-optee/optee_os/out/arm-plat-zynqmp/export-ta_arm64/lib/libutils.a(base64.o)

.bss            0x0000000000012628     0xb8b0
 *(SORT_BY_ALIGNMENT(.bss) SORT_BY_ALIGNMENT(.bss.*) SORT_BY_ALIGNMENT(.gnu.linkonce.b.*) SORT_BY_ALIGNMENT(COMMON))
 .bss           0x0000000000012628       0x6c /home/davy/research/pynq-tee/amd-zu3-optee/optee_os/out/arm-plat-zynqmp/export-ta_arm64/lib/libutee.a(user_ta_entry.o)
                0x0000000000012638                __elf_phdr_info
                0x0000000000012648                __ta_no_share_malloc_ctx
                0x0000000000012650                ta_params
                0x0000000000012690                ta_param_types
 *fill*         0x0000000000012694        0x4 
 .bss           0x0000000000012698       0x10 /home/davy/research/pynq-tee/amd-zu3-optee/optee_os/out/arm-plat-zynqmp/export-ta_arm64/lib/libutee.a(tee_api.o)
 .bss           0x00000000000126a8     0x3800 /home/davy/research/pynq-tee/amd-zu3-optee/optee_os/out/arm-plat-zynqmp/export-ta_arm64/lib/libutee.a(tee_api_arith_mpi.o)
 .bss           0x0000000000015ea8        0x8 /home/davy/research/pynq-tee/amd-zu3-optee/optee_os/out/arm-plat-zynqmp/export-ta_arm64/lib/libutee.a(tee_system_pta.o)
 .bss           0x0000000000015eb0       0x10 /home/davy/research/pynq-tee/amd-zu3-optee/optee_os/out/arm-plat-zynqmp/export-ta_arm64/lib/libutee.a(tcb.o)
 .bss           0x0000000000015ec0        0x8 /home/davy/research/pynq-tee/amd-zu3-optee/optee_os/out/arm-plat-zynqmp/export-ta_arm64/lib/libmbedtls.a(bignum.o)
                0x0000000000015ec0                mbedtls_mpi_mempool
 .bss           0x0000000000015ec8        0x8 /home/davy/research/pynq-tee/amd-zu3-optee/optee_os/out/arm-plat-zynqmp/export-ta_arm64/lib/libmbedtls.a(constant_time.o)
                0x0000000000015ec8                mbedtls_ct_zero
 .bss           0x0000000000015ed0        0x0 ./secure_switch_ta.o
 .bss           0x0000000000015ed0     0x8001 ./user_ta_header.o
                0x0000000000015ed1                ta_heap
                0x0000000000015ed1                __ta_no_share_heap
 .bss           0x000000000001ded1        0x0 /home/davy/research/pynq-tee/amd-zu3-optee/optee_os/out/arm-plat-zynqmp/export-ta_arm64/lib/libutils.a(stack_check.o)
 .bss           0x000000000001ded1        0x0 /home/davy/research/pynq-tee/amd-zu3-optee/optee_os/out/arm-plat-zynqmp/export-ta_arm64/lib/libutils.a(trace.o)
 .bss           0x000000000001ded1        0x0 /home/davy/research/pynq-tee/amd-zu3-optee/optee_os/out/arm-plat-zynqmp/export-ta_arm64/lib/libutils.a(memcpy.o)
 .bss           0x000000000001ded1        0x0 /home/davy/research/pynq-tee/amd-zu3-optee/optee_os/out/arm-plat-zynqmp/export-ta_arm64/lib/libutils.a(snprintk.o)
 .bss           0x000000000001ded1        0x0 /home/davy/research/pynq-tee/amd-zu3-optee/optee_os/out/arm-plat-zynqmp/export-ta_arm64/lib/libutils.a(memchr.o)
 .bss           0x000000000001ded1        0x0 /home/davy/research/pynq-tee/amd-zu3-optee/optee_os/out/arm-plat-zynqmp/export-ta_arm64/lib/libutils.a(strlen.o)
 .bss           0x000000000001ded1        0x0 /home/davy/research/pynq-tee/amd-zu3-optee/optee_os/out/arm-plat-zynqmp/export-ta_arm64/lib/libutee.a(trace_ext.o)
 .bss           0x000000000001ded1        0x0 /home/davy/research/pynq-tee/amd-zu3-optee/optee_os/out/arm-plat-zynqmp/export-ta_arm64/lib/libutee.a(user_ta_entry_compat.o)
 .bss           0x000000000001ded1        0x0 /home/davy/research/pynq-tee/amd-zu3-optee/optee_os/out/arm-plat-zynqmp/export-ta_arm64/lib/libutee.a(utee_syscalls_a64.o)
 .bss           0x000000000001ded1        0x0 /home/davy/research/pynq-tee/amd-zu3-optee/optee_os/out/arm-plat-zynqmp/export-ta_arm64/lib/libutee.a(abort.o)
 .bss           0x000000000001ded1        0x0 /home/davy/research/pynq-tee/amd-zu3-optee/optee_os/out/arm-plat-zynqmp/export-ta_arm64/lib/libutee.a(tee_api_panic.o)
 .bss           0x000000000001ded1        0x0 /home/davy/research/pynq-tee/amd-zu3-optee/optee_os/out/arm-plat-zynqmp/export-ta_arm64/lib/libutee.a(tee_api_property.o)
 .bss           0x000000000001ded1        0x0 /home/davy/research/pynq-tee/amd-zu3-optee/optee_os/out/arm-plat-zynqmp/export-ta_arm64/lib/libutee.a(assert.o)
 .bss           0x000000000001ded1        0x0 /home/davy/research/pynq-tee/amd-zu3-optee/optee_os/out/arm-plat-zynqmp/export-ta_arm64/lib/libmbedtls.a(bignum_core.o)
 .bss           0x000000000001ded1        0x0 /home/davy/research/pynq-tee/amd-zu3-optee/optee_os/out/arm-plat-zynqmp/export-ta_arm64/lib/libmbedtls.a(platform_util.o)
 .bss           0x000000000001ded1        0x0 /home/davy/research/pynq-tee/amd-zu3-optee/optee_os/out/arm-plat-zynqmp/export-ta_arm64/lib/libutils.a(bget_malloc.o)
 .bss           0x000000000001ded1        0x0 /home/davy/research/pynq-tee/amd-zu3-optee/optee_os/out/arm-plat-zynqmp/export-ta_arm64/lib/libutils.a(snprintf.o)
 .bss           0x000000000001ded1        0x0 /home/davy/research/pynq-tee/amd-zu3-optee/optee_os/out/arm-plat-zynqmp/export-ta_arm64/lib/libutils.a(memmove.o)
 .bss           0x000000000001ded1        0x0 /home/davy/research/pynq-tee/amd-zu3-optee/optee_os/out/arm-plat-zynqmp/export-ta_arm64/lib/libutils.a(memset.o)
 .bss           0x000000000001ded1        0x0 /home/davy/research/pynq-tee/amd-zu3-optee/optee_os/out/arm-plat-zynqmp/export-ta_arm64/lib/libutils.a(strcmp.o)
 .bss           0x000000000001ded1        0x0 /home/davy/research/pynq-tee/amd-zu3-optee/optee_os/out/arm-plat-zynqmp/export-ta_arm64/lib/libutils.a(strlcpy.o)
 .bss           0x000000000001ded1        0x0 /home/davy/research/pynq-tee/amd-zu3-optee/optee_os/out/arm-plat-zynqmp/export-ta_arm64/lib/libutils.a(mempool.o)
 .bss           0x000000000001ded1        0x0 /home/davy/research/pynq-tee/amd-zu3-optee/optee_os/out/arm-plat-zynqmp/export-ta_arm64/lib/libutils.a(consttime_memcmp.o)
 .bss           0x000000000001ded1        0x0 /home/davy/research/pynq-tee/amd-zu3-optee/optee_os/out/arm-plat-zynqmp/export-ta_arm64/lib/libutils.a(base64.o)
                0x000000000001ded8                . = ALIGN (0x8)
 *fill*         0x000000000001ded1        0x7 
                0x000000000001ded8                __ftrace_buf_start = .
                0x000000000001ded8                . = (. + DEFINED (_mcount)?0x800:0x0)
                0x000000000001ded8                __ftrace_buf_end = .

.dynbss         0x000000000001ded8        0x0
 .dynbss        0x000000000001ded8        0x0 ./secure_switch_ta.o

/DISCARD/
 *(SORT_BY_ALIGNMENT(.interp))
LOAD ./secure_switch_ta.o
LOAD ./user_ta_header.o
START GROUP
LOAD /home/davy/research/pynq-tee/amd-zu3-optee/optee_os/out/arm-plat-zynqmp/export-ta_arm64/lib/libutils.a
LOAD /home/davy/research/pynq-tee/amd-zu3-optee/optee_os/out/arm-plat-zynqmp/export-ta_arm64/lib/libutee.a
LOAD /home/davy/research/pynq-tee/amd-zu3-optee/optee_os/out/arm-plat-zynqmp/export-ta_arm64/lib/libmbedtls.a
LOAD /home/davy/research/pynq-tee/amd-zu3-optee/optee_os/out/arm-plat-zynqmp/export-ta_arm64/lib/libdl.a
END GROUP
LOAD /home/davy/research/pynq-tee/amd-zu3-optee/gnu/arm-gnu-toolchain-14.3.rel1-x86_64-aarch64-none-linux-gnu/bin/../lib/gcc/aarch64-none-linux-gnu/14.3.1/libgcc.a
LOAD /home/davy/research/pynq-tee/amd-zu3-optee/optee_os/out/arm-plat-zynqmp/export-ta_arm64/lib/libutils.a
OUTPUT(a1b2c3d4-5678-9abc-def0-123456789abc.elf elf64-littleaarch64)
LOAD linker stubs

.debug_info     0x0000000000000000    0x1d946
 .debug_info    0x0000000000000000      0x3a9 ./secure_switch_ta.o
 .debug_info    0x00000000000003a9      0x7e1 ./user_ta_header.o
 .debug_info    0x0000000000000b8a      0x144 /home/davy/research/pynq-tee/amd-zu3-optee/optee_os/out/arm-plat-zynqmp/export-ta_arm64/lib/libutils.a(stack_check.o)
 .debug_info    0x0000000000000cce      0x70f /home/davy/research/pynq-tee/amd-zu3-optee/optee_os/out/arm-plat-zynqmp/export-ta_arm64/lib/libutils.a(trace.o)
 .debug_info    0x00000000000013dd      0x130 /home/davy/research/pynq-tee/amd-zu3-optee/optee_os/out/arm-plat-zynqmp/export-ta_arm64/lib/libutils.a(memcpy.o)
 .debug_info    0x000000000000150d      0x935 /home/davy/research/pynq-tee/amd-zu3-optee/optee_os/out/arm-plat-zynqmp/export-ta_arm64/lib/libutils.a(snprintk.o)
 .debug_info    0x0000000000001e42       0xff /home/davy/research/pynq-tee/amd-zu3-optee/optee_os/out/arm-plat-zynqmp/export-ta_arm64/lib/libutils.a(memchr.o)
 .debug_info    0x0000000000001f41       0xbf /home/davy/research/pynq-tee/amd-zu3-optee/optee_os/out/arm-plat-zynqmp/export-ta_arm64/lib/libutils.a(strlen.o)
 .debug_info    0x0000000000002000      0x3d7 /home/davy/research/pynq-tee/amd-zu3-optee/optee_os/out/arm-plat-zynqmp/export-ta_arm64/lib/libutee.a(trace_ext.o)
 .debug_info    0x00000000000023d7     0x1749 /home/davy/research/pynq-tee/amd-zu3-optee/optee_os/out/arm-plat-zynqmp/export-ta_arm64/lib/libutee.a(user_ta_entry.o)
 .debug_info    0x0000000000003b20      0x51e /home/davy/research/pynq-tee/amd-zu3-optee/optee_os/out/arm-plat-zynqmp/export-ta_arm64/lib/libutee.a(user_ta_entry_compat.o)
 .debug_info    0x000000000000403e      0x3b5 /home/davy/research/pynq-tee/amd-zu3-optee/optee_os/out/arm-plat-zynqmp/export-ta_arm64/lib/libutee.a(utee_syscalls_a64.o)
 .debug_info    0x00000000000043f3       0xf1 /home/davy/research/pynq-tee/amd-zu3-optee/optee_os/out/arm-plat-zynqmp/export-ta_arm64/lib/libutee.a(abort.o)
 .debug_info    0x00000000000044e4     0x2724 /home/davy/research/pynq-tee/amd-zu3-optee/optee_os/out/arm-plat-zynqmp/export-ta_arm64/lib/libutee.a(tee_api.o)
 .debug_info    0x0000000000006c08     0x523b /home/davy/research/pynq-tee/amd-zu3-optee/optee_os/out/arm-plat-zynqmp/export-ta_arm64/lib/libutee.a(tee_api_arith_mpi.o)
 .debug_info    0x000000000000be43      0xa03 /home/davy/research/pynq-tee/amd-zu3-optee/optee_os/out/arm-plat-zynqmp/export-ta_arm64/lib/libutee.a(tee_api_panic.o)
 .debug_info    0x000000000000c846     0x1985 /home/davy/research/pynq-tee/amd-zu3-optee/optee_os/out/arm-plat-zynqmp/export-ta_arm64/lib/libutee.a(tee_api_property.o)
 .debug_info    0x000000000000e1cb      0x87e /home/davy/research/pynq-tee/amd-zu3-optee/optee_os/out/arm-plat-zynqmp/export-ta_arm64/lib/libutee.a(tee_system_pta.o)
 .debug_info    0x000000000000ea49      0x8b9 /home/davy/research/pynq-tee/amd-zu3-optee/optee_os/out/arm-plat-zynqmp/export-ta_arm64/lib/libutee.a(tcb.o)
 .debug_info    0x000000000000f302      0x1b5 /home/davy/research/pynq-tee/amd-zu3-optee/optee_os/out/arm-plat-zynqmp/export-ta_arm64/lib/libutee.a(assert.o)
 .debug_info    0x000000000000f4b7     0x598c /home/davy/research/pynq-tee/amd-zu3-optee/optee_os/out/arm-plat-zynqmp/export-ta_arm64/lib/libmbedtls.a(bignum.o)
 .debug_info    0x0000000000014e43     0x306b /home/davy/research/pynq-tee/amd-zu3-optee/optee_os/out/arm-plat-zynqmp/export-ta_arm64/lib/libmbedtls.a(bignum_core.o)
 .debug_info    0x0000000000017eae      0xf5f /home/davy/research/pynq-tee/amd-zu3-optee/optee_os/out/arm-plat-zynqmp/export-ta_arm64/lib/libmbedtls.a(constant_time.o)
 .debug_info    0x0000000000018e0d      0x259 /home/davy/research/pynq-tee/amd-zu3-optee/optee_os/out/arm-plat-zynqmp/export-ta_arm64/lib/libmbedtls.a(platform_util.o)
 .debug_info    0x0000000000019066     0x3716 /home/davy/research/pynq-tee/amd-zu3-optee/optee_os/out/arm-plat-zynqmp/export-ta_arm64/lib/libutils.a(bget_malloc.o)
 .debug_info    0x000000000001c77c      0x29f /home/davy/research/pynq-tee/amd-zu3-optee/optee_os/out/arm-plat-zynqmp/export-ta_arm64/lib/libutils.a(snprintf.o)
 .debug_info    0x000000000001ca1b       0xfb /home/davy/research/pynq-tee/amd-zu3-optee/optee_os/out/arm-plat-zynqmp/export-ta_arm64/lib/libutils.a(memmove.o)
 .debug_info    0x000000000001cb16       0xd3 /home/davy/research/pynq-tee/amd-zu3-optee/optee_os/out/arm-plat-zynqmp/export-ta_arm64/lib/libutils.a(memset.o)
 .debug_info    0x000000000001cbe9       0xb4 /home/davy/research/pynq-tee/amd-zu3-optee/optee_os/out/arm-plat-zynqmp/export-ta_arm64/lib/libutils.a(strcmp.o)
 .debug_info    0x000000000001cc9d      0x123 /home/davy/research/pynq-tee/amd-zu3-optee/optee_os/out/arm-plat-zynqmp/export-ta_arm64/lib/libutils.a(strlcpy.o)
 .debug_info    0x000000000001cdc0      0x71b /home/davy/research/pynq-tee/amd-zu3-optee/optee_os/out/arm-plat-zynqmp/export-ta_arm64/lib/libutils.a(mempool.o)
 .debug_info    0x000000000001d4db      0x132 /home/davy/research/pynq-tee/amd-zu3-optee/optee_os/out/arm-plat-zynqmp/export-ta_arm64/lib/libutils.a(consttime_memcmp.o)
 .debug_info    0x000000000001d60d      0x339 /home/davy/research/pynq-tee/amd-zu3-optee/optee_os/out/arm-plat-zynqmp/export-ta_arm64/lib/libutils.a(base64.o)

.debug_abbrev   0x0000000000000000     0x4a7c
 .debug_abbrev  0x0000000000000000      0x213 ./secure_switch_ta.o
 .debug_abbrev  0x0000000000000213      0x282 ./user_ta_header.o
 .debug_abbrev  0x0000000000000495       0xb2 /home/davy/research/pynq-tee/amd-zu3-optee/optee_os/out/arm-plat-zynqmp/export-ta_arm64/lib/libutils.a(stack_check.o)
 .debug_abbrev  0x0000000000000547      0x2bf /home/davy/research/pynq-tee/amd-zu3-optee/optee_os/out/arm-plat-zynqmp/export-ta_arm64/lib/libutils.a(trace.o)
 .debug_abbrev  0x0000000000000806       0xbb /home/davy/research/pynq-tee/amd-zu3-optee/optee_os/out/arm-plat-zynqmp/export-ta_arm64/lib/libutils.a(memcpy.o)
 .debug_abbrev  0x00000000000008c1      0x2f9 /home/davy/research/pynq-tee/amd-zu3-optee/optee_os/out/arm-plat-zynqmp/export-ta_arm64/lib/libutils.a(snprintk.o)
 .debug_abbrev  0x0000000000000bba       0xb4 /home/davy/research/pynq-tee/amd-zu3-optee/optee_os/out/arm-plat-zynqmp/export-ta_arm64/lib/libutils.a(memchr.o)
 .debug_abbrev  0x0000000000000c6e       0x85 /home/davy/research/pynq-tee/amd-zu3-optee/optee_os/out/arm-plat-zynqmp/export-ta_arm64/lib/libutils.a(strlen.o)
 .debug_abbrev  0x0000000000000cf3      0x1c4 /home/davy/research/pynq-tee/amd-zu3-optee/optee_os/out/arm-plat-zynqmp/export-ta_arm64/lib/libutee.a(trace_ext.o)
 .debug_abbrev  0x0000000000000eb7      0x595 /home/davy/research/pynq-tee/amd-zu3-optee/optee_os/out/arm-plat-zynqmp/export-ta_arm64/lib/libutee.a(user_ta_entry.o)
 .debug_abbrev  0x000000000000144c      0x1b5 /home/davy/research/pynq-tee/amd-zu3-optee/optee_os/out/arm-plat-zynqmp/export-ta_arm64/lib/libutee.a(user_ta_entry_compat.o)
 .debug_abbrev  0x0000000000001601       0x26 /home/davy/research/pynq-tee/amd-zu3-optee/optee_os/out/arm-plat-zynqmp/export-ta_arm64/lib/libutee.a(utee_syscalls_a64.o)
 .debug_abbrev  0x0000000000001627       0x94 /home/davy/research/pynq-tee/amd-zu3-optee/optee_os/out/arm-plat-zynqmp/export-ta_arm64/lib/libutee.a(abort.o)
 .debug_abbrev  0x00000000000016bb      0x55f /home/davy/research/pynq-tee/amd-zu3-optee/optee_os/out/arm-plat-zynqmp/export-ta_arm64/lib/libutee.a(tee_api.o)
 .debug_abbrev  0x0000000000001c1a      0x53f /home/davy/research/pynq-tee/amd-zu3-optee/optee_os/out/arm-plat-zynqmp/export-ta_arm64/lib/libutee.a(tee_api_arith_mpi.o)
 .debug_abbrev  0x0000000000002159      0x21f /home/davy/research/pynq-tee/amd-zu3-optee/optee_os/out/arm-plat-zynqmp/export-ta_arm64/lib/libutee.a(tee_api_panic.o)
 .debug_abbrev  0x0000000000002378      0x3a2 /home/davy/research/pynq-tee/amd-zu3-optee/optee_os/out/arm-plat-zynqmp/export-ta_arm64/lib/libutee.a(tee_api_property.o)
 .debug_abbrev  0x000000000000271a      0x2ae /home/davy/research/pynq-tee/amd-zu3-optee/optee_os/out/arm-plat-zynqmp/export-ta_arm64/lib/libutee.a(tee_system_pta.o)
 .debug_abbrev  0x00000000000029c8      0x2c8 /home/davy/research/pynq-tee/amd-zu3-optee/optee_os/out/arm-plat-zynqmp/export-ta_arm64/lib/libutee.a(tcb.o)
 .debug_abbrev  0x0000000000002c90       0xbd /home/davy/research/pynq-tee/amd-zu3-optee/optee_os/out/arm-plat-zynqmp/export-ta_arm64/lib/libutee.a(assert.o)
 .debug_abbrev  0x0000000000002d4d      0x56d /home/davy/research/pynq-tee/amd-zu3-optee/optee_os/out/arm-plat-zynqmp/export-ta_arm64/lib/libmbedtls.a(bignum.o)
 .debug_abbrev  0x00000000000032ba      0x586 /home/davy/research/pynq-tee/amd-zu3-optee/optee_os/out/arm-plat-zynqmp/export-ta_arm64/lib/libmbedtls.a(bignum_core.o)
 .debug_abbrev  0x0000000000003840      0x397 /home/davy/research/pynq-tee/amd-zu3-optee/optee_os/out/arm-plat-zynqmp/export-ta_arm64/lib/libmbedtls.a(constant_time.o)
 .debug_abbrev  0x0000000000003bd7      0x153 /home/davy/research/pynq-tee/amd-zu3-optee/optee_os/out/arm-plat-zynqmp/export-ta_arm64/lib/libmbedtls.a(platform_util.o)
 .debug_abbrev  0x0000000000003d2a      0x498 /home/davy/research/pynq-tee/amd-zu3-optee/optee_os/out/arm-plat-zynqmp/export-ta_arm64/lib/libutils.a(bget_malloc.o)
 .debug_abbrev  0x00000000000041c2      0x155 /home/davy/research/pynq-tee/amd-zu3-optee/optee_os/out/arm-plat-zynqmp/export-ta_arm64/lib/libutils.a(snprintf.o)
 .debug_abbrev  0x0000000000004317       0xa6 /home/davy/research/pynq-tee/amd-zu3-optee/optee_os/out/arm-plat-zynqmp/export-ta_arm64/lib/libutils.a(memmove.o)
 .debug_abbrev  0x00000000000043bd       0xa3 /home/davy/research/pynq-tee/amd-zu3-optee/optee_os/out/arm-plat-zynqmp/export-ta_arm64/lib/libutils.a(memset.o)
 .debug_abbrev  0x0000000000004460       0x6f /home/davy/research/pynq-tee/amd-zu3-optee/optee_os/out/arm-plat-zynqmp/export-ta_arm64/lib/libutils.a(strcmp.o)
 .debug_abbrev  0x00000000000044cf       0xa5 /home/davy/research/pynq-tee/amd-zu3-optee/optee_os/out/arm-plat-zynqmp/export-ta_arm64/lib/libutils.a(strlcpy.o)
 .debug_abbrev  0x0000000000004574      0x2a2 /home/davy/research/pynq-tee/amd-zu3-optee/optee_os/out/arm-plat-zynqmp/export-ta_arm64/lib/libutils.a(mempool.o)
 .debug_abbrev  0x0000000000004816       0xc2 /home/davy/research/pynq-tee/amd-zu3-optee/optee_os/out/arm-plat-zynqmp/export-ta_arm64/lib/libutils.a(consttime_memcmp.o)
 .debug_abbrev  0x00000000000048d8      0x1a4 /home/davy/research/pynq-tee/amd-zu3-optee/optee_os/out/arm-plat-zynqmp/export-ta_arm64/lib/libutils.a(base64.o)

.debug_loclists
                0x0000000000000000    0x10a24
 .debug_loclists
                0x0000000000000000       0x86 ./secure_switch_ta.o
 .debug_loclists
                0x0000000000000086      0x100 ./user_ta_header.o
 .debug_loclists
                0x0000000000000186      0x29e /home/davy/research/pynq-tee/amd-zu3-optee/optee_os/out/arm-plat-zynqmp/export-ta_arm64/lib/libutils.a(trace.o)
 .debug_loclists
                0x0000000000000424      0x297 /home/davy/research/pynq-tee/amd-zu3-optee/optee_os/out/arm-plat-zynqmp/export-ta_arm64/lib/libutils.a(memcpy.o)
 .debug_loclists
                0x00000000000006bb     0x18a9 /home/davy/research/pynq-tee/amd-zu3-optee/optee_os/out/arm-plat-zynqmp/export-ta_arm64/lib/libutils.a(snprintk.o)
 .debug_loclists
                0x0000000000001f64       0x6e /home/davy/research/pynq-tee/amd-zu3-optee/optee_os/out/arm-plat-zynqmp/export-ta_arm64/lib/libutils.a(memchr.o)
 .debug_loclists
                0x0000000000001fd2       0x3d /home/davy/research/pynq-tee/amd-zu3-optee/optee_os/out/arm-plat-zynqmp/export-ta_arm64/lib/libutils.a(strlen.o)
 .debug_loclists
                0x000000000000200f       0xae /home/davy/research/pynq-tee/amd-zu3-optee/optee_os/out/arm-plat-zynqmp/export-ta_arm64/lib/libutee.a(trace_ext.o)
 .debug_loclists
                0x00000000000020bd      0x651 /home/davy/research/pynq-tee/amd-zu3-optee/optee_os/out/arm-plat-zynqmp/export-ta_arm64/lib/libutee.a(user_ta_entry.o)
 .debug_loclists
                0x000000000000270e      0x1cb /home/davy/research/pynq-tee/amd-zu3-optee/optee_os/out/arm-plat-zynqmp/export-ta_arm64/lib/libutee.a(user_ta_entry_compat.o)
 .debug_loclists
                0x00000000000028d9     0x120a /home/davy/research/pynq-tee/amd-zu3-optee/optee_os/out/arm-plat-zynqmp/export-ta_arm64/lib/libutee.a(tee_api.o)
 .debug_loclists
                0x0000000000003ae3     0x1ff6 /home/davy/research/pynq-tee/amd-zu3-optee/optee_os/out/arm-plat-zynqmp/export-ta_arm64/lib/libutee.a(tee_api_arith_mpi.o)
 .debug_loclists
                0x0000000000005ad9      0x480 /home/davy/research/pynq-tee/amd-zu3-optee/optee_os/out/arm-plat-zynqmp/export-ta_arm64/lib/libutee.a(tee_api_panic.o)
 .debug_loclists
                0x0000000000005f59      0xe50 /home/davy/research/pynq-tee/amd-zu3-optee/optee_os/out/arm-plat-zynqmp/export-ta_arm64/lib/libutee.a(tee_api_property.o)
 .debug_loclists
                0x0000000000006da9      0x2c8 /home/davy/research/pynq-tee/amd-zu3-optee/optee_os/out/arm-plat-zynqmp/export-ta_arm64/lib/libutee.a(tee_system_pta.o)
 .debug_loclists
                0x0000000000007071      0x2ae /home/davy/research/pynq-tee/amd-zu3-optee/optee_os/out/arm-plat-zynqmp/export-ta_arm64/lib/libutee.a(tcb.o)
 .debug_loclists
                0x000000000000731f       0x71 /home/davy/research/pynq-tee/amd-zu3-optee/optee_os/out/arm-plat-zynqmp/export-ta_arm64/lib/libutee.a(assert.o)
 .debug_loclists
                0x0000000000007390     0x3928 /home/davy/research/pynq-tee/amd-zu3-optee/optee_os/out/arm-plat-zynqmp/export-ta_arm64/lib/libmbedtls.a(bignum.o)
 .debug_loclists
                0x000000000000acb8     0x2581 /home/davy/research/pynq-tee/amd-zu3-optee/optee_os/out/arm-plat-zynqmp/export-ta_arm64/lib/libmbedtls.a(bignum_core.o)
 .debug_loclists
                0x000000000000d239      0x7f6 /home/davy/research/pynq-tee/amd-zu3-optee/optee_os/out/arm-plat-zynqmp/export-ta_arm64/lib/libmbedtls.a(constant_time.o)
 .debug_loclists
                0x000000000000da2f       0x9f /home/davy/research/pynq-tee/amd-zu3-optee/optee_os/out/arm-plat-zynqmp/export-ta_arm64/lib/libmbedtls.a(platform_util.o)
 .debug_loclists
                0x000000000000dace     0x2550 /home/davy/research/pynq-tee/amd-zu3-optee/optee_os/out/arm-plat-zynqmp/export-ta_arm64/lib/libutils.a(bget_malloc.o)
 .debug_loclists
                0x000000000001001e       0xd0 /home/davy/research/pynq-tee/amd-zu3-optee/optee_os/out/arm-plat-zynqmp/export-ta_arm64/lib/libutils.a(snprintf.o)
 .debug_loclists
                0x00000000000100ee      0x171 /home/davy/research/pynq-tee/amd-zu3-optee/optee_os/out/arm-plat-zynqmp/export-ta_arm64/lib/libutils.a(memmove.o)
 .debug_loclists
                0x000000000001025f       0x67 /home/davy/research/pynq-tee/amd-zu3-optee/optee_os/out/arm-plat-zynqmp/export-ta_arm64/lib/libutils.a(memset.o)
 .debug_loclists
                0x00000000000102c6       0x50 /home/davy/research/pynq-tee/amd-zu3-optee/optee_os/out/arm-plat-zynqmp/export-ta_arm64/lib/libutils.a(strcmp.o)
 .debug_loclists
                0x0000000000010316       0x96 /home/davy/research/pynq-tee/amd-zu3-optee/optee_os/out/arm-plat-zynqmp/export-ta_arm64/lib/libutils.a(strlcpy.o)
 .debug_loclists
                0x00000000000103ac      0x285 /home/davy/research/pynq-tee/amd-zu3-optee/optee_os/out/arm-plat-zynqmp/export-ta_arm64/lib/libutils.a(mempool.o)
 .debug_loclists
                0x0000000000010631       0xcb /home/davy/research/pynq-tee/amd-zu3-optee/optee_os/out/arm-plat-zynqmp/export-ta_arm64/lib/libutils.a(consttime_memcmp.o)
 .debug_loclists
                0x00000000000106fc      0x328 /home/davy/research/pynq-tee/amd-zu3-optee/optee_os/out/arm-plat-zynqmp/export-ta_arm64/lib/libutils.a(base64.o)

.debug_aranges  0x0000000000000000      0x9b0
 .debug_aranges
                0x0000000000000000       0x30 ./secure_switch_ta.o
 .debug_aranges
                0x0000000000000030       0x30 ./user_ta_header.o
 .debug_aranges
                0x0000000000000060       0x30 /home/davy/research/pynq-tee/amd-zu3-optee/optee_os/out/arm-plat-zynqmp/export-ta_arm64/lib/libutils.a(stack_check.o)
 .debug_aranges
                0x0000000000000090       0x30 /home/davy/research/pynq-tee/amd-zu3-optee/optee_os/out/arm-plat-zynqmp/export-ta_arm64/lib/libutils.a(trace.o)
 .debug_aranges
                0x00000000000000c0       0x30 /home/davy/research/pynq-tee/amd-zu3-optee/optee_os/out/arm-plat-zynqmp/export-ta_arm64/lib/libutils.a(memcpy.o)
 .debug_aranges
                0x00000000000000f0       0x30 /home/davy/research/pynq-tee/amd-zu3-optee/optee_os/out/arm-plat-zynqmp/export-ta_arm64/lib/libutils.a(snprintk.o)
 .debug_aranges
                0x0000000000000120       0x30 /home/davy/research/pynq-tee/amd-zu3-optee/optee_os/out/arm-plat-zynqmp/export-ta_arm64/lib/libutils.a(memchr.o)
 .debug_aranges
                0x0000000000000150       0x30 /home/davy/research/pynq-tee/amd-zu3-optee/optee_os/out/arm-plat-zynqmp/export-ta_arm64/lib/libutils.a(strlen.o)
 .debug_aranges
                0x0000000000000180       0x30 /home/davy/research/pynq-tee/amd-zu3-optee/optee_os/out/arm-plat-zynqmp/export-ta_arm64/lib/libutee.a(trace_ext.o)
 .debug_aranges
                0x00000000000001b0       0x30 /home/davy/research/pynq-tee/amd-zu3-optee/optee_os/out/arm-plat-zynqmp/export-ta_arm64/lib/libutee.a(user_ta_entry.o)
 .debug_aranges
                0x00000000000001e0       0x30 /home/davy/research/pynq-tee/amd-zu3-optee/optee_os/out/arm-plat-zynqmp/export-ta_arm64/lib/libutee.a(user_ta_entry_compat.o)
 .debug_aranges
                0x0000000000000210      0x3b0 /home/davy/research/pynq-tee/amd-zu3-optee/optee_os/out/arm-plat-zynqmp/export-ta_arm64/lib/libutee.a(utee_syscalls_a64.o)
 .debug_aranges
                0x00000000000005c0       0x30 /home/davy/research/pynq-tee/amd-zu3-optee/optee_os/out/arm-plat-zynqmp/export-ta_arm64/lib/libutee.a(abort.o)
 .debug_aranges
                0x00000000000005f0       0x30 /home/davy/research/pynq-tee/amd-zu3-optee/optee_os/out/arm-plat-zynqmp/export-ta_arm64/lib/libutee.a(tee_api.o)
 .debug_aranges
                0x0000000000000620       0x30 /home/davy/research/pynq-tee/amd-zu3-optee/optee_os/out/arm-plat-zynqmp/export-ta_arm64/lib/libutee.a(tee_api_arith_mpi.o)
 .debug_aranges
                0x0000000000000650       0x30 /home/davy/research/pynq-tee/amd-zu3-optee/optee_os/out/arm-plat-zynqmp/export-ta_arm64/lib/libutee.a(tee_api_panic.o)
 .debug_aranges
                0x0000000000000680       0x30 /home/davy/research/pynq-tee/amd-zu3-optee/optee_os/out/arm-plat-zynqmp/export-ta_arm64/lib/libutee.a(tee_api_property.o)
 .debug_aranges
                0x00000000000006b0       0x30 /home/davy/research/pynq-tee/amd-zu3-optee/optee_os/out/arm-plat-zynqmp/export-ta_arm64/lib/libutee.a(tee_system_pta.o)
 .debug_aranges
                0x00000000000006e0       0x30 /home/davy/research/pynq-tee/amd-zu3-optee/optee_os/out/arm-plat-zynqmp/export-ta_arm64/lib/libutee.a(tcb.o)
 .debug_aranges
                0x0000000000000710       0x30 /home/davy/research/pynq-tee/amd-zu3-optee/optee_os/out/arm-plat-zynqmp/export-ta_arm64/lib/libutee.a(assert.o)
 .debug_aranges
                0x0000000000000740       0x30 /home/davy/research/pynq-tee/amd-zu3-optee/optee_os/out/arm-plat-zynqmp/export-ta_arm64/lib/libmbedtls.a(bignum.o)
 .debug_aranges
                0x0000000000000770       0x30 /home/davy/research/pynq-tee/amd-zu3-optee/optee_os/out/arm-plat-zynqmp/export-ta_arm64/lib/libmbedtls.a(bignum_core.o)
 .debug_aranges
                0x00000000000007a0       0x30 /home/davy/research/pynq-tee/amd-zu3-optee/optee_os/out/arm-plat-zynqmp/export-ta_arm64/lib/libmbedtls.a(constant_time.o)
 .debug_aranges
                0x00000000000007d0       0x30 /home/davy/research/pynq-tee/amd-zu3-optee/optee_os/out/arm-plat-zynqmp/export-ta_arm64/lib/libmbedtls.a(platform_util.o)
 .debug_aranges
                0x0000000000000800       0x30 /home/davy/research/pynq-tee/amd-zu3-optee/optee_os/out/arm-plat-zynqmp/export-ta_arm64/lib/libutils.a(bget_malloc.o)
 .debug_aranges
                0x0000000000000830       0x30 /home/davy/research/pynq-tee/amd-zu3-optee/optee_os/out/arm-plat-zynqmp/export-ta_arm64/lib/libutils.a(snprintf.o)
 .debug_aranges
                0x0000000000000860       0x30 /home/davy/research/pynq-tee/amd-zu3-optee/optee_os/out/arm-plat-zynqmp/export-ta_arm64/lib/libutils.a(memmove.o)
 .debug_aranges
                0x0000000000000890       0x30 /home/davy/research/pynq-tee/amd-zu3-optee/optee_os/out/arm-plat-zynqmp/export-ta_arm64/lib/libutils.a(memset.o)
 .debug_aranges
                0x00000000000008c0       0x30 /home/davy/research/pynq-tee/amd-zu3-optee/optee_os/out/arm-plat-zynqmp/export-ta_arm64/lib/libutils.a(strcmp.o)
 .debug_aranges
                0x00000000000008f0       0x30 /home/davy/research/pynq-tee/amd-zu3-optee/optee_os/out/arm-plat-zynqmp/export-ta_arm64/lib/libutils.a(strlcpy.o)
 .debug_aranges
                0x0000000000000920       0x30 /home/davy/research/pynq-tee/amd-zu3-optee/optee_os/out/arm-plat-zynqmp/export-ta_arm64/lib/libutils.a(mempool.o)
 .debug_aranges
                0x0000000000000950       0x30 /home/davy/research/pynq-tee/amd-zu3-optee/optee_os/out/arm-plat-zynqmp/export-ta_arm64/lib/libutils.a(consttime_memcmp.o)
 .debug_aranges